Archive member included because of file (symbol)

/usr/local/Cellar/pebble-sdk/3.1/Pebble/aplite/lib/libpebble.a(tmpH7rUz3pebble.o)
                              src/main.c.9.o (app_event_loop)
/usr/local/Cellar/pebble-toolchain/2.0/arm-cs-tools/bin/../lib/gcc/arm-none-eabi/4.7.2/thumb2/libgcc.a(_arm_addsubdf3.o)
                              src/windowManager.c.9.o (__aeabi_ui2d)
/usr/local/Cellar/pebble-toolchain/2.0/arm-cs-tools/bin/../lib/gcc/arm-none-eabi/4.7.2/thumb2/libgcc.a(_arm_muldivdf3.o)
                              src/windowManager.c.9.o (__aeabi_dmul)
/usr/local/Cellar/pebble-toolchain/2.0/arm-cs-tools/bin/../lib/gcc/arm-none-eabi/4.7.2/thumb2/libgcc.a(_arm_cmpdf2.o)
                              src/windowManager.c.9.o (__aeabi_dcmplt)
/usr/local/Cellar/pebble-toolchain/2.0/arm-cs-tools/bin/../lib/gcc/arm-none-eabi/4.7.2/thumb2/libgcc.a(_arm_fixdfsi.o)
                              src/windowManager.c.9.o (__aeabi_d2iz)
/usr/local/Cellar/pebble-toolchain/2.0/arm-cs-tools/bin/../lib/gcc/arm-none-eabi/4.7.2/thumb2/libgcc.a(_arm_truncdfsf2.o)
                              src/windowManager.c.9.o (__aeabi_d2f)
/usr/local/Cellar/pebble-toolchain/2.0/arm-cs-tools/bin/../lib/gcc/arm-none-eabi/4.7.2/thumb2/libgcc.a(_arm_addsubsf3.o)
                              src/windowManager.c.9.o (__aeabi_ui2f)
/usr/local/Cellar/pebble-toolchain/2.0/arm-cs-tools/bin/../lib/gcc/arm-none-eabi/4.7.2/thumb2/libgcc.a(_arm_muldivsf3.o)
                              src/windowManager.c.9.o (__aeabi_fmul)
/usr/local/Cellar/pebble-toolchain/2.0/arm-cs-tools/bin/../lib/gcc/arm-none-eabi/4.7.2/thumb2/libgcc.a(_arm_fixsfsi.o)
                              src/windowManager.c.9.o (__aeabi_f2iz)
/usr/local/Cellar/pebble-toolchain/2.0/arm-cs-tools/bin/../lib/gcc/arm-none-eabi/4.7.2/../../../../arm-none-eabi/lib/thumb2/libm.a(lib_a-sf_round.o)
                              src/windowManager.c.9.o (roundf)

Allocating common symbols
Common symbol       size              file

s_main_window       0x4               src/appMessageManager.c.9.o
textBuffer          0x48              src/windowManager.c.9.o
textGrid            0x90              src/windowManager.c.9.o

Discarded input sections

 .text          0x0000000000000000        0x0 /usr/local/Cellar/pebble-toolchain/2.0/arm-cs-tools/bin/../lib/gcc/arm-none-eabi/4.7.2/thumb2/crti.o
 .bss           0x0000000000000000        0x0 /usr/local/Cellar/pebble-toolchain/2.0/arm-cs-tools/bin/../lib/gcc/arm-none-eabi/4.7.2/thumb2/crti.o
 .init          0x0000000000000000        0x4 /usr/local/Cellar/pebble-toolchain/2.0/arm-cs-tools/bin/../lib/gcc/arm-none-eabi/4.7.2/thumb2/crti.o
 .fini          0x0000000000000000        0x4 /usr/local/Cellar/pebble-toolchain/2.0/arm-cs-tools/bin/../lib/gcc/arm-none-eabi/4.7.2/thumb2/crti.o
 .text          0x0000000000000000       0xc8 /usr/local/Cellar/pebble-toolchain/2.0/arm-cs-tools/bin/../lib/gcc/arm-none-eabi/4.7.2/thumb2/crtbegin.o
 .bss           0x0000000000000000       0x1c /usr/local/Cellar/pebble-toolchain/2.0/arm-cs-tools/bin/../lib/gcc/arm-none-eabi/4.7.2/thumb2/crtbegin.o
 .init_array    0x0000000000000000        0x4 /usr/local/Cellar/pebble-toolchain/2.0/arm-cs-tools/bin/../lib/gcc/arm-none-eabi/4.7.2/thumb2/crtbegin.o
 .fini_array    0x0000000000000000        0x4 /usr/local/Cellar/pebble-toolchain/2.0/arm-cs-tools/bin/../lib/gcc/arm-none-eabi/4.7.2/thumb2/crtbegin.o
 .eh_frame      0x0000000000000000        0x0 /usr/local/Cellar/pebble-toolchain/2.0/arm-cs-tools/bin/../lib/gcc/arm-none-eabi/4.7.2/thumb2/crtbegin.o
 .jcr           0x0000000000000000        0x0 /usr/local/Cellar/pebble-toolchain/2.0/arm-cs-tools/bin/../lib/gcc/arm-none-eabi/4.7.2/thumb2/crtbegin.o
 .tm_clone_table
                0x0000000000000000        0x0 /usr/local/Cellar/pebble-toolchain/2.0/arm-cs-tools/bin/../lib/gcc/arm-none-eabi/4.7.2/thumb2/crtbegin.o
 .text          0x0000000000000000        0x0 src/appMessageManager.c.9.o
 .bss           0x0000000000000000        0x0 src/appMessageManager.c.9.o
 .text          0x0000000000000000        0x0 src/main.c.9.o
 .bss           0x0000000000000000        0x0 src/main.c.9.o
 .text          0x0000000000000000        0x0 src/windowManager.c.9.o
 .bss           0x0000000000000000        0x0 src/windowManager.c.9.o
 .text.drawBatteryStatue
                0x0000000000000000        0x2 src/windowManager.c.9.o
 .text          0x0000000000000000        0x0 aplite/appinfo.auto.c.9.o
 .bss           0x0000000000000000        0x0 aplite/appinfo.auto.c.9.o
 .bss           0x0000000000000000        0x0 /usr/local/Cellar/pebble-sdk/3.1/Pebble/aplite/lib/libpebble.a(tmpH7rUz3pebble.o)
 .text.accel_data_service_subscribe__deprecated
                0x0000000000000000        0xc /usr/local/Cellar/pebble-sdk/3.1/Pebble/aplite/lib/libpebble.a(tmpH7rUz3pebble.o)
 .text.accel_data_service_unsubscribe
                0x0000000000000000        0xc /usr/local/Cellar/pebble-sdk/3.1/Pebble/aplite/lib/libpebble.a(tmpH7rUz3pebble.o)
 .text.accel_service_peek
                0x0000000000000000        0xc /usr/local/Cellar/pebble-sdk/3.1/Pebble/aplite/lib/libpebble.a(tmpH7rUz3pebble.o)
 .text.accel_service_set_samples_per_update
                0x0000000000000000        0xc /usr/local/Cellar/pebble-sdk/3.1/Pebble/aplite/lib/libpebble.a(tmpH7rUz3pebble.o)
 .text.accel_service_set_sampling_rate
                0x0000000000000000        0xc /usr/local/Cellar/pebble-sdk/3.1/Pebble/aplite/lib/libpebble.a(tmpH7rUz3pebble.o)
 .text.accel_tap_service_subscribe
                0x0000000000000000        0xc /usr/local/Cellar/pebble-sdk/3.1/Pebble/aplite/lib/libpebble.a(tmpH7rUz3pebble.o)
 .text.accel_tap_service_unsubscribe
                0x0000000000000000        0xc /usr/local/Cellar/pebble-sdk/3.1/Pebble/aplite/lib/libpebble.a(tmpH7rUz3pebble.o)
 .text.action_bar_layer_add_to_window
                0x0000000000000000        0xc /usr/local/Cellar/pebble-sdk/3.1/Pebble/aplite/lib/libpebble.a(tmpH7rUz3pebble.o)
 .text.action_bar_layer_clear_icon
                0x0000000000000000        0xc /usr/local/Cellar/pebble-sdk/3.1/Pebble/aplite/lib/libpebble.a(tmpH7rUz3pebble.o)
 .text.action_bar_layer_create
                0x0000000000000000        0xc /usr/local/Cellar/pebble-sdk/3.1/Pebble/aplite/lib/libpebble.a(tmpH7rUz3pebble.o)
 .text.action_bar_layer_destroy
                0x0000000000000000        0xc /usr/local/Cellar/pebble-sdk/3.1/Pebble/aplite/lib/libpebble.a(tmpH7rUz3pebble.o)
 .text.action_bar_layer_get_layer
                0x0000000000000000        0xc /usr/local/Cellar/pebble-sdk/3.1/Pebble/aplite/lib/libpebble.a(tmpH7rUz3pebble.o)
 .text.action_bar_layer_remove_from_window
                0x0000000000000000        0xc /usr/local/Cellar/pebble-sdk/3.1/Pebble/aplite/lib/libpebble.a(tmpH7rUz3pebble.o)
 .text.action_bar_layer_set_background_color
                0x0000000000000000        0xc /usr/local/Cellar/pebble-sdk/3.1/Pebble/aplite/lib/libpebble.a(tmpH7rUz3pebble.o)
 .text.action_bar_layer_set_click_config_provider
                0x0000000000000000        0xc /usr/local/Cellar/pebble-sdk/3.1/Pebble/aplite/lib/libpebble.a(tmpH7rUz3pebble.o)
 .text.action_bar_layer_set_context
                0x0000000000000000        0xc /usr/local/Cellar/pebble-sdk/3.1/Pebble/aplite/lib/libpebble.a(tmpH7rUz3pebble.o)
 .text.action_bar_layer_set_icon
                0x0000000000000000        0xc /usr/local/Cellar/pebble-sdk/3.1/Pebble/aplite/lib/libpebble.a(tmpH7rUz3pebble.o)
 .text.animation_create
                0x0000000000000000        0xc /usr/local/Cellar/pebble-sdk/3.1/Pebble/aplite/lib/libpebble.a(tmpH7rUz3pebble.o)
 .text.animation_destroy
                0x0000000000000000        0xc /usr/local/Cellar/pebble-sdk/3.1/Pebble/aplite/lib/libpebble.a(tmpH7rUz3pebble.o)
 .text.animation_get_context
                0x0000000000000000        0xc /usr/local/Cellar/pebble-sdk/3.1/Pebble/aplite/lib/libpebble.a(tmpH7rUz3pebble.o)
 .text.animation_is_scheduled
                0x0000000000000000        0xc /usr/local/Cellar/pebble-sdk/3.1/Pebble/aplite/lib/libpebble.a(tmpH7rUz3pebble.o)
 .text.animation_schedule
                0x0000000000000000        0xc /usr/local/Cellar/pebble-sdk/3.1/Pebble/aplite/lib/libpebble.a(tmpH7rUz3pebble.o)
 .text.animation_set_curve
                0x0000000000000000        0xc /usr/local/Cellar/pebble-sdk/3.1/Pebble/aplite/lib/libpebble.a(tmpH7rUz3pebble.o)
 .text.animation_set_delay
                0x0000000000000000        0xc /usr/local/Cellar/pebble-sdk/3.1/Pebble/aplite/lib/libpebble.a(tmpH7rUz3pebble.o)
 .text.animation_set_duration
                0x0000000000000000        0xc /usr/local/Cellar/pebble-sdk/3.1/Pebble/aplite/lib/libpebble.a(tmpH7rUz3pebble.o)
 .text.animation_set_handlers
                0x0000000000000000        0xc /usr/local/Cellar/pebble-sdk/3.1/Pebble/aplite/lib/libpebble.a(tmpH7rUz3pebble.o)
 .text.animation_set_implementation
                0x0000000000000000        0xc /usr/local/Cellar/pebble-sdk/3.1/Pebble/aplite/lib/libpebble.a(tmpH7rUz3pebble.o)
 .text.animation_unschedule
                0x0000000000000000        0xc /usr/local/Cellar/pebble-sdk/3.1/Pebble/aplite/lib/libpebble.a(tmpH7rUz3pebble.o)
 .text.animation_unschedule_all
                0x0000000000000000        0xc /usr/local/Cellar/pebble-sdk/3.1/Pebble/aplite/lib/libpebble.a(tmpH7rUz3pebble.o)
 .text.app_comm_get_sniff_interval
                0x0000000000000000        0xc /usr/local/Cellar/pebble-sdk/3.1/Pebble/aplite/lib/libpebble.a(tmpH7rUz3pebble.o)
 .text.app_comm_set_sniff_interval
                0x0000000000000000        0xc /usr/local/Cellar/pebble-sdk/3.1/Pebble/aplite/lib/libpebble.a(tmpH7rUz3pebble.o)
 .text.app_message_deregister_callbacks
                0x0000000000000000        0xc /usr/local/Cellar/pebble-sdk/3.1/Pebble/aplite/lib/libpebble.a(tmpH7rUz3pebble.o)
 .text.app_sync_deinit
                0x0000000000000000        0xc /usr/local/Cellar/pebble-sdk/3.1/Pebble/aplite/lib/libpebble.a(tmpH7rUz3pebble.o)
 .text.app_sync_get
                0x0000000000000000        0xc /usr/local/Cellar/pebble-sdk/3.1/Pebble/aplite/lib/libpebble.a(tmpH7rUz3pebble.o)
 .text.app_sync_init
                0x0000000000000000        0xc /usr/local/Cellar/pebble-sdk/3.1/Pebble/aplite/lib/libpebble.a(tmpH7rUz3pebble.o)
 .text.app_sync_set
                0x0000000000000000        0xc /usr/local/Cellar/pebble-sdk/3.1/Pebble/aplite/lib/libpebble.a(tmpH7rUz3pebble.o)
 .text.app_timer_cancel
                0x0000000000000000        0xc /usr/local/Cellar/pebble-sdk/3.1/Pebble/aplite/lib/libpebble.a(tmpH7rUz3pebble.o)
 .text.app_timer_register
                0x0000000000000000        0xc /usr/local/Cellar/pebble-sdk/3.1/Pebble/aplite/lib/libpebble.a(tmpH7rUz3pebble.o)
 .text.app_timer_reschedule
                0x0000000000000000        0xc /usr/local/Cellar/pebble-sdk/3.1/Pebble/aplite/lib/libpebble.a(tmpH7rUz3pebble.o)
 .text.atan2_lookup
                0x0000000000000000        0xc /usr/local/Cellar/pebble-sdk/3.1/Pebble/aplite/lib/libpebble.a(tmpH7rUz3pebble.o)
 .text.atoi     0x0000000000000000        0xc /usr/local/Cellar/pebble-sdk/3.1/Pebble/aplite/lib/libpebble.a(tmpH7rUz3pebble.o)
 .text.atol     0x0000000000000000        0xc /usr/local/Cellar/pebble-sdk/3.1/Pebble/aplite/lib/libpebble.a(tmpH7rUz3pebble.o)
 .text.battery_state_service_peek
                0x0000000000000000        0xc /usr/local/Cellar/pebble-sdk/3.1/Pebble/aplite/lib/libpebble.a(tmpH7rUz3pebble.o)
 .text.battery_state_service_subscribe
                0x0000000000000000        0xc /usr/local/Cellar/pebble-sdk/3.1/Pebble/aplite/lib/libpebble.a(tmpH7rUz3pebble.o)
 .text.battery_state_service_unsubscribe
                0x0000000000000000        0xc /usr/local/Cellar/pebble-sdk/3.1/Pebble/aplite/lib/libpebble.a(tmpH7rUz3pebble.o)
 .text.bitmap_layer_create
                0x0000000000000000        0xc /usr/local/Cellar/pebble-sdk/3.1/Pebble/aplite/lib/libpebble.a(tmpH7rUz3pebble.o)
 .text.bitmap_layer_destroy
                0x0000000000000000        0xc /usr/local/Cellar/pebble-sdk/3.1/Pebble/aplite/lib/libpebble.a(tmpH7rUz3pebble.o)
 .text.bitmap_layer_get_layer
                0x0000000000000000        0xc /usr/local/Cellar/pebble-sdk/3.1/Pebble/aplite/lib/libpebble.a(tmpH7rUz3pebble.o)
 .text.bitmap_layer_set_alignment
                0x0000000000000000        0xc /usr/local/Cellar/pebble-sdk/3.1/Pebble/aplite/lib/libpebble.a(tmpH7rUz3pebble.o)
 .text.bitmap_layer_set_background_color
                0x0000000000000000        0xc /usr/local/Cellar/pebble-sdk/3.1/Pebble/aplite/lib/libpebble.a(tmpH7rUz3pebble.o)
 .text.bitmap_layer_set_bitmap
                0x0000000000000000        0xc /usr/local/Cellar/pebble-sdk/3.1/Pebble/aplite/lib/libpebble.a(tmpH7rUz3pebble.o)
 .text.bitmap_layer_set_compositing_mode
                0x0000000000000000        0xc /usr/local/Cellar/pebble-sdk/3.1/Pebble/aplite/lib/libpebble.a(tmpH7rUz3pebble.o)
 .text.bluetooth_connection_service_peek
                0x0000000000000000        0xc /usr/local/Cellar/pebble-sdk/3.1/Pebble/aplite/lib/libpebble.a(tmpH7rUz3pebble.o)
 .text.bluetooth_connection_service_subscribe
                0x0000000000000000        0xc /usr/local/Cellar/pebble-sdk/3.1/Pebble/aplite/lib/libpebble.a(tmpH7rUz3pebble.o)
 .text.bluetooth_connection_service_unsubscribe
                0x0000000000000000        0xc /usr/local/Cellar/pebble-sdk/3.1/Pebble/aplite/lib/libpebble.a(tmpH7rUz3pebble.o)
 .text.click_number_of_clicks_counted
                0x0000000000000000        0xc /usr/local/Cellar/pebble-sdk/3.1/Pebble/aplite/lib/libpebble.a(tmpH7rUz3pebble.o)
 .text.click_recognizer_get_button_id
                0x0000000000000000        0xc /usr/local/Cellar/pebble-sdk/3.1/Pebble/aplite/lib/libpebble.a(tmpH7rUz3pebble.o)
 .text.clock_copy_time_string
                0x0000000000000000        0xc /usr/local/Cellar/pebble-sdk/3.1/Pebble/aplite/lib/libpebble.a(tmpH7rUz3pebble.o)
 .text.cos_lookup
                0x0000000000000000        0xc /usr/local/Cellar/pebble-sdk/3.1/Pebble/aplite/lib/libpebble.a(tmpH7rUz3pebble.o)
 .text.data_logging_create
                0x0000000000000000        0xc /usr/local/Cellar/pebble-sdk/3.1/Pebble/aplite/lib/libpebble.a(tmpH7rUz3pebble.o)
 .text.data_logging_finish
                0x0000000000000000        0xc /usr/local/Cellar/pebble-sdk/3.1/Pebble/aplite/lib/libpebble.a(tmpH7rUz3pebble.o)
 .text.data_logging_log
                0x0000000000000000        0xc /usr/local/Cellar/pebble-sdk/3.1/Pebble/aplite/lib/libpebble.a(tmpH7rUz3pebble.o)
 .text.dict_calc_buffer_size
                0x0000000000000000        0xc /usr/local/Cellar/pebble-sdk/3.1/Pebble/aplite/lib/libpebble.a(tmpH7rUz3pebble.o)
 .text.dict_calc_buffer_size_from_tuplets
                0x0000000000000000        0xc /usr/local/Cellar/pebble-sdk/3.1/Pebble/aplite/lib/libpebble.a(tmpH7rUz3pebble.o)
 .text.dict_find
                0x0000000000000000        0xc /usr/local/Cellar/pebble-sdk/3.1/Pebble/aplite/lib/libpebble.a(tmpH7rUz3pebble.o)
 .text.dict_merge
                0x0000000000000000        0xc /usr/local/Cellar/pebble-sdk/3.1/Pebble/aplite/lib/libpebble.a(tmpH7rUz3pebble.o)
 .text.dict_read_begin_from_buffer
                0x0000000000000000        0xc /usr/local/Cellar/pebble-sdk/3.1/Pebble/aplite/lib/libpebble.a(tmpH7rUz3pebble.o)
 .text.dict_serialize_tuplets
                0x0000000000000000        0xc /usr/local/Cellar/pebble-sdk/3.1/Pebble/aplite/lib/libpebble.a(tmpH7rUz3pebble.o)
 .text.dict_serialize_tuplets_to_buffer__deprecated
                0x0000000000000000        0xc /usr/local/Cellar/pebble-sdk/3.1/Pebble/aplite/lib/libpebble.a(tmpH7rUz3pebble.o)
 .text.dict_serialize_tuplets_to_buffer_with_iter
                0x0000000000000000        0xc /usr/local/Cellar/pebble-sdk/3.1/Pebble/aplite/lib/libpebble.a(tmpH7rUz3pebble.o)
 .text.dict_write_begin
                0x0000000000000000        0xc /usr/local/Cellar/pebble-sdk/3.1/Pebble/aplite/lib/libpebble.a(tmpH7rUz3pebble.o)
 .text.dict_write_cstring
                0x0000000000000000        0xc /usr/local/Cellar/pebble-sdk/3.1/Pebble/aplite/lib/libpebble.a(tmpH7rUz3pebble.o)
 .text.dict_write_data
                0x0000000000000000        0xc /usr/local/Cellar/pebble-sdk/3.1/Pebble/aplite/lib/libpebble.a(tmpH7rUz3pebble.o)
 .text.dict_write_end
                0x0000000000000000        0xc /usr/local/Cellar/pebble-sdk/3.1/Pebble/aplite/lib/libpebble.a(tmpH7rUz3pebble.o)
 .text.dict_write_int
                0x0000000000000000        0xc /usr/local/Cellar/pebble-sdk/3.1/Pebble/aplite/lib/libpebble.a(tmpH7rUz3pebble.o)
 .text.dict_write_int16
                0x0000000000000000        0xc /usr/local/Cellar/pebble-sdk/3.1/Pebble/aplite/lib/libpebble.a(tmpH7rUz3pebble.o)
 .text.dict_write_int32
                0x0000000000000000        0xc /usr/local/Cellar/pebble-sdk/3.1/Pebble/aplite/lib/libpebble.a(tmpH7rUz3pebble.o)
 .text.dict_write_int8
                0x0000000000000000        0xc /usr/local/Cellar/pebble-sdk/3.1/Pebble/aplite/lib/libpebble.a(tmpH7rUz3pebble.o)
 .text.dict_write_tuplet
                0x0000000000000000        0xc /usr/local/Cellar/pebble-sdk/3.1/Pebble/aplite/lib/libpebble.a(tmpH7rUz3pebble.o)
 .text.dict_write_uint16
                0x0000000000000000        0xc /usr/local/Cellar/pebble-sdk/3.1/Pebble/aplite/lib/libpebble.a(tmpH7rUz3pebble.o)
 .text.dict_write_uint32
                0x0000000000000000        0xc /usr/local/Cellar/pebble-sdk/3.1/Pebble/aplite/lib/libpebble.a(tmpH7rUz3pebble.o)
 .text.dict_write_uint8
                0x0000000000000000        0xc /usr/local/Cellar/pebble-sdk/3.1/Pebble/aplite/lib/libpebble.a(tmpH7rUz3pebble.o)
 .text.fonts_load_custom_font
                0x0000000000000000        0xc /usr/local/Cellar/pebble-sdk/3.1/Pebble/aplite/lib/libpebble.a(tmpH7rUz3pebble.o)
 .text.fonts_unload_custom_font
                0x0000000000000000        0xc /usr/local/Cellar/pebble-sdk/3.1/Pebble/aplite/lib/libpebble.a(tmpH7rUz3pebble.o)
 .text.free     0x0000000000000000        0xc /usr/local/Cellar/pebble-sdk/3.1/Pebble/aplite/lib/libpebble.a(tmpH7rUz3pebble.o)
 .text.gbitmap_create_as_sub_bitmap
                0x0000000000000000        0xc /usr/local/Cellar/pebble-sdk/3.1/Pebble/aplite/lib/libpebble.a(tmpH7rUz3pebble.o)
 .text.gbitmap_create_with_data
                0x0000000000000000        0xc /usr/local/Cellar/pebble-sdk/3.1/Pebble/aplite/lib/libpebble.a(tmpH7rUz3pebble.o)
 .text.gbitmap_create_with_resource
                0x0000000000000000        0xc /usr/local/Cellar/pebble-sdk/3.1/Pebble/aplite/lib/libpebble.a(tmpH7rUz3pebble.o)
 .text.gbitmap_destroy
                0x0000000000000000        0xc /usr/local/Cellar/pebble-sdk/3.1/Pebble/aplite/lib/libpebble.a(tmpH7rUz3pebble.o)
 .text.gmtime   0x0000000000000000        0xc /usr/local/Cellar/pebble-sdk/3.1/Pebble/aplite/lib/libpebble.a(tmpH7rUz3pebble.o)
 .text.gpath_create
                0x0000000000000000        0xc /usr/local/Cellar/pebble-sdk/3.1/Pebble/aplite/lib/libpebble.a(tmpH7rUz3pebble.o)
 .text.gpath_destroy
                0x0000000000000000        0xc /usr/local/Cellar/pebble-sdk/3.1/Pebble/aplite/lib/libpebble.a(tmpH7rUz3pebble.o)
 .text.gpath_draw_filled_legacy
                0x0000000000000000        0xc /usr/local/Cellar/pebble-sdk/3.1/Pebble/aplite/lib/libpebble.a(tmpH7rUz3pebble.o)
 .text.gpath_draw_outline
                0x0000000000000000        0xc /usr/local/Cellar/pebble-sdk/3.1/Pebble/aplite/lib/libpebble.a(tmpH7rUz3pebble.o)
 .text.gpath_move_to
                0x0000000000000000        0xc /usr/local/Cellar/pebble-sdk/3.1/Pebble/aplite/lib/libpebble.a(tmpH7rUz3pebble.o)
 .text.gpath_rotate_to
                0x0000000000000000        0xc /usr/local/Cellar/pebble-sdk/3.1/Pebble/aplite/lib/libpebble.a(tmpH7rUz3pebble.o)
 .text.gpoint_equal
                0x0000000000000000        0xc /usr/local/Cellar/pebble-sdk/3.1/Pebble/aplite/lib/libpebble.a(tmpH7rUz3pebble.o)
 .text.graphics_context_set_compositing_mode
                0x0000000000000000        0xc /usr/local/Cellar/pebble-sdk/3.1/Pebble/aplite/lib/libpebble.a(tmpH7rUz3pebble.o)
 .text.graphics_context_set_fill_color
                0x0000000000000000        0xc /usr/local/Cellar/pebble-sdk/3.1/Pebble/aplite/lib/libpebble.a(tmpH7rUz3pebble.o)
 .text.graphics_context_set_stroke_color
                0x0000000000000000        0xc /usr/local/Cellar/pebble-sdk/3.1/Pebble/aplite/lib/libpebble.a(tmpH7rUz3pebble.o)
 .text.graphics_context_set_text_color
                0x0000000000000000        0xc /usr/local/Cellar/pebble-sdk/3.1/Pebble/aplite/lib/libpebble.a(tmpH7rUz3pebble.o)
 .text.graphics_draw_bitmap_in_rect
                0x0000000000000000        0xc /usr/local/Cellar/pebble-sdk/3.1/Pebble/aplite/lib/libpebble.a(tmpH7rUz3pebble.o)
 .text.graphics_draw_circle
                0x0000000000000000        0xc /usr/local/Cellar/pebble-sdk/3.1/Pebble/aplite/lib/libpebble.a(tmpH7rUz3pebble.o)
 .text.graphics_draw_line
                0x0000000000000000        0xc /usr/local/Cellar/pebble-sdk/3.1/Pebble/aplite/lib/libpebble.a(tmpH7rUz3pebble.o)
 .text.graphics_draw_pixel
                0x0000000000000000        0xc /usr/local/Cellar/pebble-sdk/3.1/Pebble/aplite/lib/libpebble.a(tmpH7rUz3pebble.o)
 .text.graphics_draw_rect
                0x0000000000000000        0xc /usr/local/Cellar/pebble-sdk/3.1/Pebble/aplite/lib/libpebble.a(tmpH7rUz3pebble.o)
 .text.graphics_draw_round_rect
                0x0000000000000000        0xc /usr/local/Cellar/pebble-sdk/3.1/Pebble/aplite/lib/libpebble.a(tmpH7rUz3pebble.o)
 .text.graphics_fill_circle
                0x0000000000000000        0xc /usr/local/Cellar/pebble-sdk/3.1/Pebble/aplite/lib/libpebble.a(tmpH7rUz3pebble.o)
 .text.graphics_fill_rect
                0x0000000000000000        0xc /usr/local/Cellar/pebble-sdk/3.1/Pebble/aplite/lib/libpebble.a(tmpH7rUz3pebble.o)
 .text.graphics_text_layout_get_max_used_size
                0x0000000000000000        0xc /usr/local/Cellar/pebble-sdk/3.1/Pebble/aplite/lib/libpebble.a(tmpH7rUz3pebble.o)
 .text.grect_align
                0x0000000000000000        0xc /usr/local/Cellar/pebble-sdk/3.1/Pebble/aplite/lib/libpebble.a(tmpH7rUz3pebble.o)
 .text.grect_center_point
                0x0000000000000000        0xc /usr/local/Cellar/pebble-sdk/3.1/Pebble/aplite/lib/libpebble.a(tmpH7rUz3pebble.o)
 .text.grect_clip
                0x0000000000000000        0xc /usr/local/Cellar/pebble-sdk/3.1/Pebble/aplite/lib/libpebble.a(tmpH7rUz3pebble.o)
 .text.grect_contains_point
                0x0000000000000000        0xc /usr/local/Cellar/pebble-sdk/3.1/Pebble/aplite/lib/libpebble.a(tmpH7rUz3pebble.o)
 .text.grect_crop
                0x0000000000000000        0xc /usr/local/Cellar/pebble-sdk/3.1/Pebble/aplite/lib/libpebble.a(tmpH7rUz3pebble.o)
 .text.grect_equal
                0x0000000000000000        0xc /usr/local/Cellar/pebble-sdk/3.1/Pebble/aplite/lib/libpebble.a(tmpH7rUz3pebble.o)
 .text.grect_is_empty
                0x0000000000000000        0xc /usr/local/Cellar/pebble-sdk/3.1/Pebble/aplite/lib/libpebble.a(tmpH7rUz3pebble.o)
 .text.grect_standardize
                0x0000000000000000        0xc /usr/local/Cellar/pebble-sdk/3.1/Pebble/aplite/lib/libpebble.a(tmpH7rUz3pebble.o)
 .text.gsize_equal
                0x0000000000000000        0xc /usr/local/Cellar/pebble-sdk/3.1/Pebble/aplite/lib/libpebble.a(tmpH7rUz3pebble.o)
 .text.layer_create
                0x0000000000000000        0xc /usr/local/Cellar/pebble-sdk/3.1/Pebble/aplite/lib/libpebble.a(tmpH7rUz3pebble.o)
 .text.layer_create_with_data
                0x0000000000000000        0xc /usr/local/Cellar/pebble-sdk/3.1/Pebble/aplite/lib/libpebble.a(tmpH7rUz3pebble.o)
 .text.layer_destroy
                0x0000000000000000        0xc /usr/local/Cellar/pebble-sdk/3.1/Pebble/aplite/lib/libpebble.a(tmpH7rUz3pebble.o)
 .text.layer_get_bounds
                0x0000000000000000        0xc /usr/local/Cellar/pebble-sdk/3.1/Pebble/aplite/lib/libpebble.a(tmpH7rUz3pebble.o)
 .text.layer_get_clips
                0x0000000000000000        0xc /usr/local/Cellar/pebble-sdk/3.1/Pebble/aplite/lib/libpebble.a(tmpH7rUz3pebble.o)
 .text.layer_get_data
                0x0000000000000000        0xc /usr/local/Cellar/pebble-sdk/3.1/Pebble/aplite/lib/libpebble.a(tmpH7rUz3pebble.o)
 .text.layer_get_frame
                0x0000000000000000        0xc /usr/local/Cellar/pebble-sdk/3.1/Pebble/aplite/lib/libpebble.a(tmpH7rUz3pebble.o)
 .text.layer_get_hidden
                0x0000000000000000        0xc /usr/local/Cellar/pebble-sdk/3.1/Pebble/aplite/lib/libpebble.a(tmpH7rUz3pebble.o)
 .text.layer_get_window
                0x0000000000000000        0xc /usr/local/Cellar/pebble-sdk/3.1/Pebble/aplite/lib/libpebble.a(tmpH7rUz3pebble.o)
 .text.layer_insert_above_sibling
                0x0000000000000000        0xc /usr/local/Cellar/pebble-sdk/3.1/Pebble/aplite/lib/libpebble.a(tmpH7rUz3pebble.o)
 .text.layer_insert_below_sibling
                0x0000000000000000        0xc /usr/local/Cellar/pebble-sdk/3.1/Pebble/aplite/lib/libpebble.a(tmpH7rUz3pebble.o)
 .text.layer_mark_dirty
                0x0000000000000000        0xc /usr/local/Cellar/pebble-sdk/3.1/Pebble/aplite/lib/libpebble.a(tmpH7rUz3pebble.o)
 .text.layer_remove_child_layers
                0x0000000000000000        0xc /usr/local/Cellar/pebble-sdk/3.1/Pebble/aplite/lib/libpebble.a(tmpH7rUz3pebble.o)
 .text.layer_set_bounds
                0x0000000000000000        0xc /usr/local/Cellar/pebble-sdk/3.1/Pebble/aplite/lib/libpebble.a(tmpH7rUz3pebble.o)
 .text.layer_set_clips
                0x0000000000000000        0xc /usr/local/Cellar/pebble-sdk/3.1/Pebble/aplite/lib/libpebble.a(tmpH7rUz3pebble.o)
 .text.layer_set_frame
                0x0000000000000000        0xc /usr/local/Cellar/pebble-sdk/3.1/Pebble/aplite/lib/libpebble.a(tmpH7rUz3pebble.o)
 .text.layer_set_hidden
                0x0000000000000000        0xc /usr/local/Cellar/pebble-sdk/3.1/Pebble/aplite/lib/libpebble.a(tmpH7rUz3pebble.o)
 .text.layer_set_update_proc
                0x0000000000000000        0xc /usr/local/Cellar/pebble-sdk/3.1/Pebble/aplite/lib/libpebble.a(tmpH7rUz3pebble.o)
 .text.light_enable
                0x0000000000000000        0xc /usr/local/Cellar/pebble-sdk/3.1/Pebble/aplite/lib/libpebble.a(tmpH7rUz3pebble.o)
 .text.light_enable_interaction
                0x0000000000000000        0xc /usr/local/Cellar/pebble-sdk/3.1/Pebble/aplite/lib/libpebble.a(tmpH7rUz3pebble.o)
 .text.malloc   0x0000000000000000        0xc /usr/local/Cellar/pebble-sdk/3.1/Pebble/aplite/lib/libpebble.a(tmpH7rUz3pebble.o)
 .text.memcpy   0x0000000000000000        0xc /usr/local/Cellar/pebble-sdk/3.1/Pebble/aplite/lib/libpebble.a(tmpH7rUz3pebble.o)
 .text.memmove  0x0000000000000000        0xc /usr/local/Cellar/pebble-sdk/3.1/Pebble/aplite/lib/libpebble.a(tmpH7rUz3pebble.o)
 .text.menu_cell_basic_draw
                0x0000000000000000        0xc /usr/local/Cellar/pebble-sdk/3.1/Pebble/aplite/lib/libpebble.a(tmpH7rUz3pebble.o)
 .text.menu_cell_basic_header_draw
                0x0000000000000000        0xc /usr/local/Cellar/pebble-sdk/3.1/Pebble/aplite/lib/libpebble.a(tmpH7rUz3pebble.o)
 .text.menu_cell_title_draw
                0x0000000000000000        0xc /usr/local/Cellar/pebble-sdk/3.1/Pebble/aplite/lib/libpebble.a(tmpH7rUz3pebble.o)
 .text.menu_index_compare
                0x0000000000000000        0xc /usr/local/Cellar/pebble-sdk/3.1/Pebble/aplite/lib/libpebble.a(tmpH7rUz3pebble.o)
 .text.menu_layer_create
                0x0000000000000000        0xc /usr/local/Cellar/pebble-sdk/3.1/Pebble/aplite/lib/libpebble.a(tmpH7rUz3pebble.o)
 .text.menu_layer_destroy
                0x0000000000000000        0xc /usr/local/Cellar/pebble-sdk/3.1/Pebble/aplite/lib/libpebble.a(tmpH7rUz3pebble.o)
 .text.menu_layer_get_layer
                0x0000000000000000        0xc /usr/local/Cellar/pebble-sdk/3.1/Pebble/aplite/lib/libpebble.a(tmpH7rUz3pebble.o)
 .text.menu_layer_get_scroll_layer
                0x0000000000000000        0xc /usr/local/Cellar/pebble-sdk/3.1/Pebble/aplite/lib/libpebble.a(tmpH7rUz3pebble.o)
 .text.menu_layer_get_selected_index
                0x0000000000000000        0xc /usr/local/Cellar/pebble-sdk/3.1/Pebble/aplite/lib/libpebble.a(tmpH7rUz3pebble.o)
 .text.menu_layer_reload_data
                0x0000000000000000        0xc /usr/local/Cellar/pebble-sdk/3.1/Pebble/aplite/lib/libpebble.a(tmpH7rUz3pebble.o)
 .text.menu_layer_set_callbacks__deprecated
                0x0000000000000000        0xc /usr/local/Cellar/pebble-sdk/3.1/Pebble/aplite/lib/libpebble.a(tmpH7rUz3pebble.o)
 .text.menu_layer_set_click_config_onto_window
                0x0000000000000000        0xc /usr/local/Cellar/pebble-sdk/3.1/Pebble/aplite/lib/libpebble.a(tmpH7rUz3pebble.o)
 .text.menu_layer_set_selected_index
                0x0000000000000000        0xc /usr/local/Cellar/pebble-sdk/3.1/Pebble/aplite/lib/libpebble.a(tmpH7rUz3pebble.o)
 .text.menu_layer_set_selected_next
                0x0000000000000000        0xc /usr/local/Cellar/pebble-sdk/3.1/Pebble/aplite/lib/libpebble.a(tmpH7rUz3pebble.o)
 .text.number_window_create
                0x0000000000000000        0xc /usr/local/Cellar/pebble-sdk/3.1/Pebble/aplite/lib/libpebble.a(tmpH7rUz3pebble.o)
 .text.number_window_destroy
                0x0000000000000000        0xc /usr/local/Cellar/pebble-sdk/3.1/Pebble/aplite/lib/libpebble.a(tmpH7rUz3pebble.o)
 .text.number_window_get_value
                0x0000000000000000        0xc /usr/local/Cellar/pebble-sdk/3.1/Pebble/aplite/lib/libpebble.a(tmpH7rUz3pebble.o)
 .text.number_window_set_label
                0x0000000000000000        0xc /usr/local/Cellar/pebble-sdk/3.1/Pebble/aplite/lib/libpebble.a(tmpH7rUz3pebble.o)
 .text.number_window_set_max
                0x0000000000000000        0xc /usr/local/Cellar/pebble-sdk/3.1/Pebble/aplite/lib/libpebble.a(tmpH7rUz3pebble.o)
 .text.number_window_set_min
                0x0000000000000000        0xc /usr/local/Cellar/pebble-sdk/3.1/Pebble/aplite/lib/libpebble.a(tmpH7rUz3pebble.o)
 .text.number_window_set_step_size
                0x0000000000000000        0xc /usr/local/Cellar/pebble-sdk/3.1/Pebble/aplite/lib/libpebble.a(tmpH7rUz3pebble.o)
 .text.number_window_set_value
                0x0000000000000000        0xc /usr/local/Cellar/pebble-sdk/3.1/Pebble/aplite/lib/libpebble.a(tmpH7rUz3pebble.o)
 .text.persist_delete
                0x0000000000000000        0xc /usr/local/Cellar/pebble-sdk/3.1/Pebble/aplite/lib/libpebble.a(tmpH7rUz3pebble.o)
 .text.persist_exists
                0x0000000000000000        0xc /usr/local/Cellar/pebble-sdk/3.1/Pebble/aplite/lib/libpebble.a(tmpH7rUz3pebble.o)
 .text.persist_get_size
                0x0000000000000000        0xc /usr/local/Cellar/pebble-sdk/3.1/Pebble/aplite/lib/libpebble.a(tmpH7rUz3pebble.o)
 .text.persist_read_bool
                0x0000000000000000        0xc /usr/local/Cellar/pebble-sdk/3.1/Pebble/aplite/lib/libpebble.a(tmpH7rUz3pebble.o)
 .text.persist_read_data__deprecated
                0x0000000000000000        0xc /usr/local/Cellar/pebble-sdk/3.1/Pebble/aplite/lib/libpebble.a(tmpH7rUz3pebble.o)
 .text.persist_read_int
                0x0000000000000000        0xc /usr/local/Cellar/pebble-sdk/3.1/Pebble/aplite/lib/libpebble.a(tmpH7rUz3pebble.o)
 .text.persist_read_string__deprecated
                0x0000000000000000        0xc /usr/local/Cellar/pebble-sdk/3.1/Pebble/aplite/lib/libpebble.a(tmpH7rUz3pebble.o)
 .text.persist_write_bool
                0x0000000000000000        0xc /usr/local/Cellar/pebble-sdk/3.1/Pebble/aplite/lib/libpebble.a(tmpH7rUz3pebble.o)
 .text.persist_write_data__deprecated
                0x0000000000000000        0xc /usr/local/Cellar/pebble-sdk/3.1/Pebble/aplite/lib/libpebble.a(tmpH7rUz3pebble.o)
 .text.persist_write_int
                0x0000000000000000        0xc /usr/local/Cellar/pebble-sdk/3.1/Pebble/aplite/lib/libpebble.a(tmpH7rUz3pebble.o)
 .text.persist_write_string
                0x0000000000000000        0xc /usr/local/Cellar/pebble-sdk/3.1/Pebble/aplite/lib/libpebble.a(tmpH7rUz3pebble.o)
 .text.property_animation_create
                0x0000000000000000        0xc /usr/local/Cellar/pebble-sdk/3.1/Pebble/aplite/lib/libpebble.a(tmpH7rUz3pebble.o)
 .text.property_animation_create_layer_frame
                0x0000000000000000        0xc /usr/local/Cellar/pebble-sdk/3.1/Pebble/aplite/lib/libpebble.a(tmpH7rUz3pebble.o)
 .text.property_animation_destroy
                0x0000000000000000        0xc /usr/local/Cellar/pebble-sdk/3.1/Pebble/aplite/lib/libpebble.a(tmpH7rUz3pebble.o)
 .text.property_animation_update_gpoint
                0x0000000000000000        0xc /usr/local/Cellar/pebble-sdk/3.1/Pebble/aplite/lib/libpebble.a(tmpH7rUz3pebble.o)
 .text.property_animation_update_grect
                0x0000000000000000        0xc /usr/local/Cellar/pebble-sdk/3.1/Pebble/aplite/lib/libpebble.a(tmpH7rUz3pebble.o)
 .text.property_animation_update_int16
                0x0000000000000000        0xc /usr/local/Cellar/pebble-sdk/3.1/Pebble/aplite/lib/libpebble.a(tmpH7rUz3pebble.o)
 .text.psleep   0x0000000000000000        0xc /usr/local/Cellar/pebble-sdk/3.1/Pebble/aplite/lib/libpebble.a(tmpH7rUz3pebble.o)
 .text.rand     0x0000000000000000        0xc /usr/local/Cellar/pebble-sdk/3.1/Pebble/aplite/lib/libpebble.a(tmpH7rUz3pebble.o)
 .text.resource_get_handle
                0x0000000000000000        0xc /usr/local/Cellar/pebble-sdk/3.1/Pebble/aplite/lib/libpebble.a(tmpH7rUz3pebble.o)
 .text.resource_load
                0x0000000000000000        0xc /usr/local/Cellar/pebble-sdk/3.1/Pebble/aplite/lib/libpebble.a(tmpH7rUz3pebble.o)
 .text.resource_load_byte_range
                0x0000000000000000        0xc /usr/local/Cellar/pebble-sdk/3.1/Pebble/aplite/lib/libpebble.a(tmpH7rUz3pebble.o)
 .text.resource_size
                0x0000000000000000        0xc /usr/local/Cellar/pebble-sdk/3.1/Pebble/aplite/lib/libpebble.a(tmpH7rUz3pebble.o)
 .text.rot_bitmap_layer_create
                0x0000000000000000        0xc /usr/local/Cellar/pebble-sdk/3.1/Pebble/aplite/lib/libpebble.a(tmpH7rUz3pebble.o)
 .text.rot_bitmap_layer_destroy
                0x0000000000000000        0xc /usr/local/Cellar/pebble-sdk/3.1/Pebble/aplite/lib/libpebble.a(tmpH7rUz3pebble.o)
 .text.rot_bitmap_layer_increment_angle
                0x0000000000000000        0xc /usr/local/Cellar/pebble-sdk/3.1/Pebble/aplite/lib/libpebble.a(tmpH7rUz3pebble.o)
 .text.rot_bitmap_layer_set_angle
                0x0000000000000000        0xc /usr/local/Cellar/pebble-sdk/3.1/Pebble/aplite/lib/libpebble.a(tmpH7rUz3pebble.o)
 .text.rot_bitmap_layer_set_corner_clip_color
                0x0000000000000000        0xc /usr/local/Cellar/pebble-sdk/3.1/Pebble/aplite/lib/libpebble.a(tmpH7rUz3pebble.o)
 .text.rot_bitmap_set_compositing_mode
                0x0000000000000000        0xc /usr/local/Cellar/pebble-sdk/3.1/Pebble/aplite/lib/libpebble.a(tmpH7rUz3pebble.o)
 .text.rot_bitmap_set_src_ic
                0x0000000000000000        0xc /usr/local/Cellar/pebble-sdk/3.1/Pebble/aplite/lib/libpebble.a(tmpH7rUz3pebble.o)
 .text.scroll_layer_add_child
                0x0000000000000000        0xc /usr/local/Cellar/pebble-sdk/3.1/Pebble/aplite/lib/libpebble.a(tmpH7rUz3pebble.o)
 .text.scroll_layer_create
                0x0000000000000000        0xc /usr/local/Cellar/pebble-sdk/3.1/Pebble/aplite/lib/libpebble.a(tmpH7rUz3pebble.o)
 .text.scroll_layer_destroy
                0x0000000000000000        0xc /usr/local/Cellar/pebble-sdk/3.1/Pebble/aplite/lib/libpebble.a(tmpH7rUz3pebble.o)
 .text.scroll_layer_get_content_offset
                0x0000000000000000        0xc /usr/local/Cellar/pebble-sdk/3.1/Pebble/aplite/lib/libpebble.a(tmpH7rUz3pebble.o)
 .text.scroll_layer_get_content_size
                0x0000000000000000        0xc /usr/local/Cellar/pebble-sdk/3.1/Pebble/aplite/lib/libpebble.a(tmpH7rUz3pebble.o)
 .text.scroll_layer_get_layer
                0x0000000000000000        0xc /usr/local/Cellar/pebble-sdk/3.1/Pebble/aplite/lib/libpebble.a(tmpH7rUz3pebble.o)
 .text.scroll_layer_get_shadow_hidden
                0x0000000000000000        0xc /usr/local/Cellar/pebble-sdk/3.1/Pebble/aplite/lib/libpebble.a(tmpH7rUz3pebble.o)
 .text.scroll_layer_scroll_down_click_handler
                0x0000000000000000        0xc /usr/local/Cellar/pebble-sdk/3.1/Pebble/aplite/lib/libpebble.a(tmpH7rUz3pebble.o)
 .text.scroll_layer_scroll_up_click_handler
                0x0000000000000000        0xc /usr/local/Cellar/pebble-sdk/3.1/Pebble/aplite/lib/libpebble.a(tmpH7rUz3pebble.o)
 .text.scroll_layer_set_callbacks
                0x0000000000000000        0xc /usr/local/Cellar/pebble-sdk/3.1/Pebble/aplite/lib/libpebble.a(tmpH7rUz3pebble.o)
 .text.scroll_layer_set_click_config_onto_window
                0x0000000000000000        0xc /usr/local/Cellar/pebble-sdk/3.1/Pebble/aplite/lib/libpebble.a(tmpH7rUz3pebble.o)
 .text.scroll_layer_set_content_offset
                0x0000000000000000        0xc /usr/local/Cellar/pebble-sdk/3.1/Pebble/aplite/lib/libpebble.a(tmpH7rUz3pebble.o)
 .text.scroll_layer_set_content_size
                0x0000000000000000        0xc /usr/local/Cellar/pebble-sdk/3.1/Pebble/aplite/lib/libpebble.a(tmpH7rUz3pebble.o)
 .text.scroll_layer_set_context
                0x0000000000000000        0xc /usr/local/Cellar/pebble-sdk/3.1/Pebble/aplite/lib/libpebble.a(tmpH7rUz3pebble.o)
 .text.scroll_layer_set_frame
                0x0000000000000000        0xc /usr/local/Cellar/pebble-sdk/3.1/Pebble/aplite/lib/libpebble.a(tmpH7rUz3pebble.o)
 .text.scroll_layer_set_shadow_hidden
                0x0000000000000000        0xc /usr/local/Cellar/pebble-sdk/3.1/Pebble/aplite/lib/libpebble.a(tmpH7rUz3pebble.o)
 .text.simple_menu_layer_create
                0x0000000000000000        0xc /usr/local/Cellar/pebble-sdk/3.1/Pebble/aplite/lib/libpebble.a(tmpH7rUz3pebble.o)
 .text.simple_menu_layer_destroy
                0x0000000000000000        0xc /usr/local/Cellar/pebble-sdk/3.1/Pebble/aplite/lib/libpebble.a(tmpH7rUz3pebble.o)
 .text.simple_menu_layer_get_layer
                0x0000000000000000        0xc /usr/local/Cellar/pebble-sdk/3.1/Pebble/aplite/lib/libpebble.a(tmpH7rUz3pebble.o)
 .text.simple_menu_layer_get_selected_index
                0x0000000000000000        0xc /usr/local/Cellar/pebble-sdk/3.1/Pebble/aplite/lib/libpebble.a(tmpH7rUz3pebble.o)
 .text.simple_menu_layer_set_selected_index
                0x0000000000000000        0xc /usr/local/Cellar/pebble-sdk/3.1/Pebble/aplite/lib/libpebble.a(tmpH7rUz3pebble.o)
 .text.sin_lookup
                0x0000000000000000        0xc /usr/local/Cellar/pebble-sdk/3.1/Pebble/aplite/lib/libpebble.a(tmpH7rUz3pebble.o)
 .text.srand    0x0000000000000000        0xc /usr/local/Cellar/pebble-sdk/3.1/Pebble/aplite/lib/libpebble.a(tmpH7rUz3pebble.o)
 .text.strcat   0x0000000000000000        0xc /usr/local/Cellar/pebble-sdk/3.1/Pebble/aplite/lib/libpebble.a(tmpH7rUz3pebble.o)
 .text.strcmp   0x0000000000000000        0xc /usr/local/Cellar/pebble-sdk/3.1/Pebble/aplite/lib/libpebble.a(tmpH7rUz3pebble.o)
 .text.strcpy   0x0000000000000000        0xc /usr/local/Cellar/pebble-sdk/3.1/Pebble/aplite/lib/libpebble.a(tmpH7rUz3pebble.o)
 .text.strlen   0x0000000000000000        0xc /usr/local/Cellar/pebble-sdk/3.1/Pebble/aplite/lib/libpebble.a(tmpH7rUz3pebble.o)
 .text.strncat  0x0000000000000000        0xc /usr/local/Cellar/pebble-sdk/3.1/Pebble/aplite/lib/libpebble.a(tmpH7rUz3pebble.o)
 .text.strncmp  0x0000000000000000        0xc /usr/local/Cellar/pebble-sdk/3.1/Pebble/aplite/lib/libpebble.a(tmpH7rUz3pebble.o)
 .text.strncpy  0x0000000000000000        0xc /usr/local/Cellar/pebble-sdk/3.1/Pebble/aplite/lib/libpebble.a(tmpH7rUz3pebble.o)
 .text.text_layer_get_content_size
                0x0000000000000000        0xc /usr/local/Cellar/pebble-sdk/3.1/Pebble/aplite/lib/libpebble.a(tmpH7rUz3pebble.o)
 .text.text_layer_get_layer
                0x0000000000000000        0xc /usr/local/Cellar/pebble-sdk/3.1/Pebble/aplite/lib/libpebble.a(tmpH7rUz3pebble.o)
 .text.text_layer_get_text
                0x0000000000000000        0xc /usr/local/Cellar/pebble-sdk/3.1/Pebble/aplite/lib/libpebble.a(tmpH7rUz3pebble.o)
 .text.text_layer_set_overflow_mode
                0x0000000000000000        0xc /usr/local/Cellar/pebble-sdk/3.1/Pebble/aplite/lib/libpebble.a(tmpH7rUz3pebble.o)
 .text.text_layer_set_size
                0x0000000000000000        0xc /usr/local/Cellar/pebble-sdk/3.1/Pebble/aplite/lib/libpebble.a(tmpH7rUz3pebble.o)
 .text.time_ms  0x0000000000000000        0xc /usr/local/Cellar/pebble-sdk/3.1/Pebble/aplite/lib/libpebble.a(tmpH7rUz3pebble.o)
 .text.vibes_cancel
                0x0000000000000000        0xc /usr/local/Cellar/pebble-sdk/3.1/Pebble/aplite/lib/libpebble.a(tmpH7rUz3pebble.o)
 .text.vibes_double_pulse
                0x0000000000000000        0xc /usr/local/Cellar/pebble-sdk/3.1/Pebble/aplite/lib/libpebble.a(tmpH7rUz3pebble.o)
 .text.vibes_enqueue_custom_pattern
                0x0000000000000000        0xc /usr/local/Cellar/pebble-sdk/3.1/Pebble/aplite/lib/libpebble.a(tmpH7rUz3pebble.o)
 .text.vibes_long_pulse
                0x0000000000000000        0xc /usr/local/Cellar/pebble-sdk/3.1/Pebble/aplite/lib/libpebble.a(tmpH7rUz3pebble.o)
 .text.vibes_short_pulse
                0x0000000000000000        0xc /usr/local/Cellar/pebble-sdk/3.1/Pebble/aplite/lib/libpebble.a(tmpH7rUz3pebble.o)
 .text.window_get_click_config_provider
                0x0000000000000000        0xc /usr/local/Cellar/pebble-sdk/3.1/Pebble/aplite/lib/libpebble.a(tmpH7rUz3pebble.o)
 .text.window_get_fullscreen
                0x0000000000000000        0xc /usr/local/Cellar/pebble-sdk/3.1/Pebble/aplite/lib/libpebble.a(tmpH7rUz3pebble.o)
 .text.window_is_loaded
                0x0000000000000000        0xc /usr/local/Cellar/pebble-sdk/3.1/Pebble/aplite/lib/libpebble.a(tmpH7rUz3pebble.o)
 .text.window_set_click_config_provider
                0x0000000000000000        0xc /usr/local/Cellar/pebble-sdk/3.1/Pebble/aplite/lib/libpebble.a(tmpH7rUz3pebble.o)
 .text.window_set_click_config_provider_with_context
                0x0000000000000000        0xc /usr/local/Cellar/pebble-sdk/3.1/Pebble/aplite/lib/libpebble.a(tmpH7rUz3pebble.o)
 .text.window_set_fullscreen
                0x0000000000000000        0xc /usr/local/Cellar/pebble-sdk/3.1/Pebble/aplite/lib/libpebble.a(tmpH7rUz3pebble.o)
 .text.window_set_status_bar_icon
                0x0000000000000000        0xc /usr/local/Cellar/pebble-sdk/3.1/Pebble/aplite/lib/libpebble.a(tmpH7rUz3pebble.o)
 .text.window_stack_contains_window
                0x0000000000000000        0xc /usr/local/Cellar/pebble-sdk/3.1/Pebble/aplite/lib/libpebble.a(tmpH7rUz3pebble.o)
 .text.window_stack_get_top_window
                0x0000000000000000        0xc /usr/local/Cellar/pebble-sdk/3.1/Pebble/aplite/lib/libpebble.a(tmpH7rUz3pebble.o)
 .text.window_stack_pop
                0x0000000000000000        0xc /usr/local/Cellar/pebble-sdk/3.1/Pebble/aplite/lib/libpebble.a(tmpH7rUz3pebble.o)
 .text.window_stack_pop_all
                0x0000000000000000        0xc /usr/local/Cellar/pebble-sdk/3.1/Pebble/aplite/lib/libpebble.a(tmpH7rUz3pebble.o)
 .text.window_stack_remove
                0x0000000000000000        0xc /usr/local/Cellar/pebble-sdk/3.1/Pebble/aplite/lib/libpebble.a(tmpH7rUz3pebble.o)
 .text.app_focus_service_subscribe
                0x0000000000000000        0xc /usr/local/Cellar/pebble-sdk/3.1/Pebble/aplite/lib/libpebble.a(tmpH7rUz3pebble.o)
 .text.app_focus_service_unsubscribe
                0x0000000000000000        0xc /usr/local/Cellar/pebble-sdk/3.1/Pebble/aplite/lib/libpebble.a(tmpH7rUz3pebble.o)
 .text.window_get_user_data
                0x0000000000000000        0xc /usr/local/Cellar/pebble-sdk/3.1/Pebble/aplite/lib/libpebble.a(tmpH7rUz3pebble.o)
 .text.window_set_user_data
                0x0000000000000000        0xc /usr/local/Cellar/pebble-sdk/3.1/Pebble/aplite/lib/libpebble.a(tmpH7rUz3pebble.o)
 .text.app_message_get_context
                0x0000000000000000        0xc /usr/local/Cellar/pebble-sdk/3.1/Pebble/aplite/lib/libpebble.a(tmpH7rUz3pebble.o)
 .text.app_message_set_context
                0x0000000000000000        0xc /usr/local/Cellar/pebble-sdk/3.1/Pebble/aplite/lib/libpebble.a(tmpH7rUz3pebble.o)
 .text.window_long_click_subscribe
                0x0000000000000000        0xc /usr/local/Cellar/pebble-sdk/3.1/Pebble/aplite/lib/libpebble.a(tmpH7rUz3pebble.o)
 .text.window_multi_click_subscribe
                0x0000000000000000        0xc /usr/local/Cellar/pebble-sdk/3.1/Pebble/aplite/lib/libpebble.a(tmpH7rUz3pebble.o)
 .text.window_raw_click_subscribe
                0x0000000000000000        0xc /usr/local/Cellar/pebble-sdk/3.1/Pebble/aplite/lib/libpebble.a(tmpH7rUz3pebble.o)
 .text.window_set_click_context
                0x0000000000000000        0xc /usr/local/Cellar/pebble-sdk/3.1/Pebble/aplite/lib/libpebble.a(tmpH7rUz3pebble.o)
 .text.window_single_click_subscribe
                0x0000000000000000        0xc /usr/local/Cellar/pebble-sdk/3.1/Pebble/aplite/lib/libpebble.a(tmpH7rUz3pebble.o)
 .text.window_single_repeating_click_subscribe
                0x0000000000000000        0xc /usr/local/Cellar/pebble-sdk/3.1/Pebble/aplite/lib/libpebble.a(tmpH7rUz3pebble.o)
 .text.graphics_draw_text
                0x0000000000000000        0xc /usr/local/Cellar/pebble-sdk/3.1/Pebble/aplite/lib/libpebble.a(tmpH7rUz3pebble.o)
 .text.dict_serialize_tuplets_to_buffer
                0x0000000000000000        0xc /usr/local/Cellar/pebble-sdk/3.1/Pebble/aplite/lib/libpebble.a(tmpH7rUz3pebble.o)
 .text.persist_read_data
                0x0000000000000000        0xc /usr/local/Cellar/pebble-sdk/3.1/Pebble/aplite/lib/libpebble.a(tmpH7rUz3pebble.o)
 .text.persist_read_string
                0x0000000000000000        0xc /usr/local/Cellar/pebble-sdk/3.1/Pebble/aplite/lib/libpebble.a(tmpH7rUz3pebble.o)
 .text.persist_write_data
                0x0000000000000000        0xc /usr/local/Cellar/pebble-sdk/3.1/Pebble/aplite/lib/libpebble.a(tmpH7rUz3pebble.o)
 .text.dict_size
                0x0000000000000000        0xc /usr/local/Cellar/pebble-sdk/3.1/Pebble/aplite/lib/libpebble.a(tmpH7rUz3pebble.o)
 .text.graphics_text_layout_get_content_size
                0x0000000000000000        0xc /usr/local/Cellar/pebble-sdk/3.1/Pebble/aplite/lib/libpebble.a(tmpH7rUz3pebble.o)
 .text.simple_menu_layer_get_menu_layer
                0x0000000000000000        0xc /usr/local/Cellar/pebble-sdk/3.1/Pebble/aplite/lib/libpebble.a(tmpH7rUz3pebble.o)
 .text.accel_data_service_subscribe
                0x0000000000000000        0xc /usr/local/Cellar/pebble-sdk/3.1/Pebble/aplite/lib/libpebble.a(tmpH7rUz3pebble.o)
 .text.calloc   0x0000000000000000        0xc /usr/local/Cellar/pebble-sdk/3.1/Pebble/aplite/lib/libpebble.a(tmpH7rUz3pebble.o)
 .text.bitmap_layer_get_bitmap
                0x0000000000000000        0xc /usr/local/Cellar/pebble-sdk/3.1/Pebble/aplite/lib/libpebble.a(tmpH7rUz3pebble.o)
 .text.menu_layer_set_callbacks
                0x0000000000000000        0xc /usr/local/Cellar/pebble-sdk/3.1/Pebble/aplite/lib/libpebble.a(tmpH7rUz3pebble.o)
 .text.window_get_click_config_context
                0x0000000000000000        0xc /usr/local/Cellar/pebble-sdk/3.1/Pebble/aplite/lib/libpebble.a(tmpH7rUz3pebble.o)
 .text.number_window_get_window
                0x0000000000000000        0xc /usr/local/Cellar/pebble-sdk/3.1/Pebble/aplite/lib/libpebble.a(tmpH7rUz3pebble.o)
 .text.realloc  0x0000000000000000        0xc /usr/local/Cellar/pebble-sdk/3.1/Pebble/aplite/lib/libpebble.a(tmpH7rUz3pebble.o)
 .text.__gbitmap_create_blank
                0x0000000000000000        0xc /usr/local/Cellar/pebble-sdk/3.1/Pebble/aplite/lib/libpebble.a(tmpH7rUz3pebble.o)
 .text.click_recognizer_is_repeating
                0x0000000000000000        0xc /usr/local/Cellar/pebble-sdk/3.1/Pebble/aplite/lib/libpebble.a(tmpH7rUz3pebble.o)
 .text.accel_raw_data_service_subscribe
                0x0000000000000000        0xc /usr/local/Cellar/pebble-sdk/3.1/Pebble/aplite/lib/libpebble.a(tmpH7rUz3pebble.o)
 .text.app_worker_is_running
                0x0000000000000000        0xc /usr/local/Cellar/pebble-sdk/3.1/Pebble/aplite/lib/libpebble.a(tmpH7rUz3pebble.o)
 .text.app_worker_kill
                0x0000000000000000        0xc /usr/local/Cellar/pebble-sdk/3.1/Pebble/aplite/lib/libpebble.a(tmpH7rUz3pebble.o)
 .text.app_worker_launch
                0x0000000000000000        0xc /usr/local/Cellar/pebble-sdk/3.1/Pebble/aplite/lib/libpebble.a(tmpH7rUz3pebble.o)
 .text.app_worker_message_subscribe
                0x0000000000000000        0xc /usr/local/Cellar/pebble-sdk/3.1/Pebble/aplite/lib/libpebble.a(tmpH7rUz3pebble.o)
 .text.app_worker_message_unsubscribe
                0x0000000000000000        0xc /usr/local/Cellar/pebble-sdk/3.1/Pebble/aplite/lib/libpebble.a(tmpH7rUz3pebble.o)
 .text.app_worker_send_message
                0x0000000000000000        0xc /usr/local/Cellar/pebble-sdk/3.1/Pebble/aplite/lib/libpebble.a(tmpH7rUz3pebble.o)
 .text.worker_event_loop
                0x0000000000000000        0xc /usr/local/Cellar/pebble-sdk/3.1/Pebble/aplite/lib/libpebble.a(tmpH7rUz3pebble.o)
 .text.worker_launch_app
                0x0000000000000000        0xc /usr/local/Cellar/pebble-sdk/3.1/Pebble/aplite/lib/libpebble.a(tmpH7rUz3pebble.o)
 .text.compass_service_peek
                0x0000000000000000        0xc /usr/local/Cellar/pebble-sdk/3.1/Pebble/aplite/lib/libpebble.a(tmpH7rUz3pebble.o)
 .text.compass_service_set_heading_filter
                0x0000000000000000        0xc /usr/local/Cellar/pebble-sdk/3.1/Pebble/aplite/lib/libpebble.a(tmpH7rUz3pebble.o)
 .text.compass_service_subscribe
                0x0000000000000000        0xc /usr/local/Cellar/pebble-sdk/3.1/Pebble/aplite/lib/libpebble.a(tmpH7rUz3pebble.o)
 .text.compass_service_unsubscribe
                0x0000000000000000        0xc /usr/local/Cellar/pebble-sdk/3.1/Pebble/aplite/lib/libpebble.a(tmpH7rUz3pebble.o)
 .text.uuid_equal
                0x0000000000000000        0xc /usr/local/Cellar/pebble-sdk/3.1/Pebble/aplite/lib/libpebble.a(tmpH7rUz3pebble.o)
 .text.uuid_to_string
                0x0000000000000000        0xc /usr/local/Cellar/pebble-sdk/3.1/Pebble/aplite/lib/libpebble.a(tmpH7rUz3pebble.o)
 .text.gpath_draw_filled
                0x0000000000000000        0xc /usr/local/Cellar/pebble-sdk/3.1/Pebble/aplite/lib/libpebble.a(tmpH7rUz3pebble.o)
 .text.animation_set_custom_curve
                0x0000000000000000        0xc /usr/local/Cellar/pebble-sdk/3.1/Pebble/aplite/lib/libpebble.a(tmpH7rUz3pebble.o)
 .text.watch_info_get_color
                0x0000000000000000        0xc /usr/local/Cellar/pebble-sdk/3.1/Pebble/aplite/lib/libpebble.a(tmpH7rUz3pebble.o)
 .text.watch_info_get_firmware_version
                0x0000000000000000        0xc /usr/local/Cellar/pebble-sdk/3.1/Pebble/aplite/lib/libpebble.a(tmpH7rUz3pebble.o)
 .text.watch_info_get_model
                0x0000000000000000        0xc /usr/local/Cellar/pebble-sdk/3.1/Pebble/aplite/lib/libpebble.a(tmpH7rUz3pebble.o)
 .text.graphics_capture_frame_buffer
                0x0000000000000000        0xc /usr/local/Cellar/pebble-sdk/3.1/Pebble/aplite/lib/libpebble.a(tmpH7rUz3pebble.o)
 .text.graphics_frame_buffer_is_captured
                0x0000000000000000        0xc /usr/local/Cellar/pebble-sdk/3.1/Pebble/aplite/lib/libpebble.a(tmpH7rUz3pebble.o)
 .text.graphics_release_frame_buffer
                0x0000000000000000        0xc /usr/local/Cellar/pebble-sdk/3.1/Pebble/aplite/lib/libpebble.a(tmpH7rUz3pebble.o)
 .text.clock_to_timestamp
                0x0000000000000000        0xc /usr/local/Cellar/pebble-sdk/3.1/Pebble/aplite/lib/libpebble.a(tmpH7rUz3pebble.o)
 .text.launch_reason
                0x0000000000000000        0xc /usr/local/Cellar/pebble-sdk/3.1/Pebble/aplite/lib/libpebble.a(tmpH7rUz3pebble.o)
 .text.wakeup_cancel
                0x0000000000000000        0xc /usr/local/Cellar/pebble-sdk/3.1/Pebble/aplite/lib/libpebble.a(tmpH7rUz3pebble.o)
 .text.wakeup_cancel_all
                0x0000000000000000        0xc /usr/local/Cellar/pebble-sdk/3.1/Pebble/aplite/lib/libpebble.a(tmpH7rUz3pebble.o)
 .text.wakeup_get_launch_event
                0x0000000000000000        0xc /usr/local/Cellar/pebble-sdk/3.1/Pebble/aplite/lib/libpebble.a(tmpH7rUz3pebble.o)
 .text.wakeup_query
                0x0000000000000000        0xc /usr/local/Cellar/pebble-sdk/3.1/Pebble/aplite/lib/libpebble.a(tmpH7rUz3pebble.o)
 .text.wakeup_schedule
                0x0000000000000000        0xc /usr/local/Cellar/pebble-sdk/3.1/Pebble/aplite/lib/libpebble.a(tmpH7rUz3pebble.o)
 .text.wakeup_service_subscribe
                0x0000000000000000        0xc /usr/local/Cellar/pebble-sdk/3.1/Pebble/aplite/lib/libpebble.a(tmpH7rUz3pebble.o)
 .text.clock_is_timezone_set
                0x0000000000000000        0xc /usr/local/Cellar/pebble-sdk/3.1/Pebble/aplite/lib/libpebble.a(tmpH7rUz3pebble.o)
 .text.i18n_get_system_locale
                0x0000000000000000        0xc /usr/local/Cellar/pebble-sdk/3.1/Pebble/aplite/lib/libpebble.a(tmpH7rUz3pebble.o)
 .text._localeconv_r
                0x0000000000000000        0xc /usr/local/Cellar/pebble-sdk/3.1/Pebble/aplite/lib/libpebble.a(tmpH7rUz3pebble.o)
 .text.setlocale
                0x0000000000000000        0xc /usr/local/Cellar/pebble-sdk/3.1/Pebble/aplite/lib/libpebble.a(tmpH7rUz3pebble.o)
 .text.mktime   0x0000000000000000        0xc /usr/local/Cellar/pebble-sdk/3.1/Pebble/aplite/lib/libpebble.a(tmpH7rUz3pebble.o)
 .bss           0x0000000000000000        0x0 /usr/local/Cellar/pebble-toolchain/2.0/arm-cs-tools/bin/../lib/gcc/arm-none-eabi/4.7.2/thumb2/libgcc.a(_arm_addsubdf3.o)
 .bss           0x0000000000000000        0x0 /usr/local/Cellar/pebble-toolchain/2.0/arm-cs-tools/bin/../lib/gcc/arm-none-eabi/4.7.2/thumb2/libgcc.a(_arm_muldivdf3.o)
 .bss           0x0000000000000000        0x0 /usr/local/Cellar/pebble-toolchain/2.0/arm-cs-tools/bin/../lib/gcc/arm-none-eabi/4.7.2/thumb2/libgcc.a(_arm_cmpdf2.o)
 .bss           0x0000000000000000        0x0 /usr/local/Cellar/pebble-toolchain/2.0/arm-cs-tools/bin/../lib/gcc/arm-none-eabi/4.7.2/thumb2/libgcc.a(_arm_fixdfsi.o)
 .bss           0x0000000000000000        0x0 /usr/local/Cellar/pebble-toolchain/2.0/arm-cs-tools/bin/../lib/gcc/arm-none-eabi/4.7.2/thumb2/libgcc.a(_arm_truncdfsf2.o)
 .bss           0x0000000000000000        0x0 /usr/local/Cellar/pebble-toolchain/2.0/arm-cs-tools/bin/../lib/gcc/arm-none-eabi/4.7.2/thumb2/libgcc.a(_arm_addsubsf3.o)
 .bss           0x0000000000000000        0x0 /usr/local/Cellar/pebble-toolchain/2.0/arm-cs-tools/bin/../lib/gcc/arm-none-eabi/4.7.2/thumb2/libgcc.a(_arm_muldivsf3.o)
 .bss           0x0000000000000000        0x0 /usr/local/Cellar/pebble-toolchain/2.0/arm-cs-tools/bin/../lib/gcc/arm-none-eabi/4.7.2/thumb2/libgcc.a(_arm_fixsfsi.o)
 .text          0x0000000000000000        0x0 /usr/local/Cellar/pebble-toolchain/2.0/arm-cs-tools/bin/../lib/gcc/arm-none-eabi/4.7.2/thumb2/crtend.o
 .bss           0x0000000000000000        0x0 /usr/local/Cellar/pebble-toolchain/2.0/arm-cs-tools/bin/../lib/gcc/arm-none-eabi/4.7.2/thumb2/crtend.o
 .eh_frame      0x0000000000000000        0x4 /usr/local/Cellar/pebble-toolchain/2.0/arm-cs-tools/bin/../lib/gcc/arm-none-eabi/4.7.2/thumb2/crtend.o
 .jcr           0x0000000000000000        0x4 /usr/local/Cellar/pebble-toolchain/2.0/arm-cs-tools/bin/../lib/gcc/arm-none-eabi/4.7.2/thumb2/crtend.o
 .tm_clone_table
                0x0000000000000000        0x0 /usr/local/Cellar/pebble-toolchain/2.0/arm-cs-tools/bin/../lib/gcc/arm-none-eabi/4.7.2/thumb2/crtend.o
 .text          0x0000000000000000        0x0 /usr/local/Cellar/pebble-toolchain/2.0/arm-cs-tools/bin/../lib/gcc/arm-none-eabi/4.7.2/thumb2/crtn.o
 .bss           0x0000000000000000        0x0 /usr/local/Cellar/pebble-toolchain/2.0/arm-cs-tools/bin/../lib/gcc/arm-none-eabi/4.7.2/thumb2/crtn.o
 .init          0x0000000000000000        0x8 /usr/local/Cellar/pebble-toolchain/2.0/arm-cs-tools/bin/../lib/gcc/arm-none-eabi/4.7.2/thumb2/crtn.o
 .fini          0x0000000000000000        0x8 /usr/local/Cellar/pebble-toolchain/2.0/arm-cs-tools/bin/../lib/gcc/arm-none-eabi/4.7.2/thumb2/crtn.o
 .text          0x0000000000000000        0x0 /usr/local/Cellar/pebble-toolchain/2.0/arm-cs-tools/bin/../lib/gcc/arm-none-eabi/4.7.2/../../../../arm-none-eabi/lib/thumb2/libm.a(lib_a-sf_round.o)
 .bss           0x0000000000000000        0x0 /usr/local/Cellar/pebble-toolchain/2.0/arm-cs-tools/bin/../lib/gcc/arm-none-eabi/4.7.2/../../../../arm-none-eabi/lib/thumb2/libm.a(lib_a-sf_round.o)

Memory Configuration

Name             Origin             Length             Attributes
APP              0x0000000000000000 0x0000000000006000 xrw
*default*        0x0000000000000000 0xffffffffffffffff

Linker script and memory map

LOAD /usr/local/Cellar/pebble-toolchain/2.0/arm-cs-tools/bin/../lib/gcc/arm-none-eabi/4.7.2/thumb2/crti.o
LOAD /usr/local/Cellar/pebble-toolchain/2.0/arm-cs-tools/bin/../lib/gcc/arm-none-eabi/4.7.2/thumb2/crtbegin.o
LOAD src/appMessageManager.c.9.o
LOAD src/main.c.9.o
LOAD src/windowManager.c.9.o
LOAD aplite/appinfo.auto.c.9.o
LOAD /usr/local/Cellar/pebble-sdk/3.1/Pebble/aplite/lib/libpebble.a
START GROUP
LOAD /usr/local/Cellar/pebble-toolchain/2.0/arm-cs-tools/bin/../lib/gcc/arm-none-eabi/4.7.2/thumb2/libgcc.a
LOAD /usr/local/Cellar/pebble-toolchain/2.0/arm-cs-tools/bin/../lib/gcc/arm-none-eabi/4.7.2/../../../../arm-none-eabi/lib/thumb2/libc.a
END GROUP
LOAD /usr/local/Cellar/pebble-toolchain/2.0/arm-cs-tools/bin/../lib/gcc/arm-none-eabi/4.7.2/thumb2/crtend.o
LOAD /usr/local/Cellar/pebble-toolchain/2.0/arm-cs-tools/bin/../lib/gcc/arm-none-eabi/4.7.2/thumb2/crtn.o

.header         0x0000000000000000       0x82
 *(.pbl_header)
 .pbl_header    0x0000000000000000       0x82 aplite/appinfo.auto.c.9.o
                0x0000000000000000                __pbl_app_info

.note.gnu.build-id
                0x0000000000000082       0x26
                0x0000000000000082                PROVIDE (BUILD_ID, .)
 *(.note.gnu.build-id)
 *fill*         0x0000000000000082        0x2 
 .note.gnu.build-id
                0x0000000000000084       0x24 linker stubs

.text           0x00000000000000a8     0x1a31
 *(.text)
 .text          0x00000000000000a8       0x14 /usr/local/Cellar/pebble-sdk/3.1/Pebble/aplite/lib/libpebble.a(tmpH7rUz3pebble.o)
 .text          0x00000000000000bc      0x370 /usr/local/Cellar/pebble-toolchain/2.0/arm-cs-tools/bin/../lib/gcc/arm-none-eabi/4.7.2/thumb2/libgcc.a(_arm_addsubdf3.o)
                0x00000000000000bc                __aeabi_drsub
                0x00000000000000c4                __subdf3
                0x00000000000000c4                __aeabi_dsub
                0x00000000000000c8                __aeabi_dadd
                0x00000000000000c8                __adddf3
                0x0000000000000340                __aeabi_ui2d
                0x0000000000000340                __floatunsidf
                0x0000000000000360                __floatsidf
                0x0000000000000360                __aeabi_i2d
                0x0000000000000384                __extendsfdf2
                0x0000000000000384                __aeabi_f2d
                0x00000000000003c0                __aeabi_ul2d
                0x00000000000003c0                __floatundidf
                0x00000000000003d0                __aeabi_l2d
                0x00000000000003d0                __floatdidf
 .text          0x000000000000042c      0x424 /usr/local/Cellar/pebble-toolchain/2.0/arm-cs-tools/bin/../lib/gcc/arm-none-eabi/4.7.2/thumb2/libgcc.a(_arm_muldivdf3.o)
                0x000000000000042c                __aeabi_dmul
                0x000000000000042c                __muldf3
                0x0000000000000680                __aeabi_ddiv
                0x0000000000000680                __divdf3
 .text          0x0000000000000850      0x110 /usr/local/Cellar/pebble-toolchain/2.0/arm-cs-tools/bin/../lib/gcc/arm-none-eabi/4.7.2/thumb2/libgcc.a(_arm_cmpdf2.o)
                0x0000000000000850                __gtdf2
                0x0000000000000850                __gedf2
                0x0000000000000858                __ltdf2
                0x0000000000000858                __ledf2
                0x0000000000000860                __eqdf2
                0x0000000000000860                __nedf2
                0x0000000000000860                __cmpdf2
                0x00000000000008dc                __aeabi_cdrcmple
                0x00000000000008ec                __aeabi_cdcmple
                0x00000000000008ec                __aeabi_cdcmpeq
                0x00000000000008fc                __aeabi_dcmpeq
                0x0000000000000910                __aeabi_dcmplt
                0x0000000000000924                __aeabi_dcmple
                0x0000000000000938                __aeabi_dcmpge
                0x000000000000094c                __aeabi_dcmpgt
 .text          0x0000000000000960       0x50 /usr/local/Cellar/pebble-toolchain/2.0/arm-cs-tools/bin/../lib/gcc/arm-none-eabi/4.7.2/thumb2/libgcc.a(_arm_fixdfsi.o)
                0x0000000000000960                __fixdfsi
                0x0000000000000960                __aeabi_d2iz
 .text          0x00000000000009b0       0xa0 /usr/local/Cellar/pebble-toolchain/2.0/arm-cs-tools/bin/../lib/gcc/arm-none-eabi/4.7.2/thumb2/libgcc.a(_arm_truncdfsf2.o)
                0x00000000000009b0                __aeabi_d2f
                0x00000000000009b0                __truncdfsf2
 .text          0x0000000000000a50      0x21c /usr/local/Cellar/pebble-toolchain/2.0/arm-cs-tools/bin/../lib/gcc/arm-none-eabi/4.7.2/thumb2/libgcc.a(_arm_addsubsf3.o)
                0x0000000000000a50                __aeabi_frsub
                0x0000000000000a58                __aeabi_fsub
                0x0000000000000a58                __subsf3
                0x0000000000000a5c                __aeabi_fadd
                0x0000000000000a5c                __addsf3
                0x0000000000000bbc                __aeabi_ui2f
                0x0000000000000bbc                __floatunsisf
                0x0000000000000bc4                __floatsisf
                0x0000000000000bc4                __aeabi_i2f
                0x0000000000000be0                __aeabi_ul2f
                0x0000000000000be0                __floatundisf
                0x0000000000000bf0                __aeabi_l2f
                0x0000000000000bf0                __floatdisf
 .text          0x0000000000000c6c      0x2a0 /usr/local/Cellar/pebble-toolchain/2.0/arm-cs-tools/bin/../lib/gcc/arm-none-eabi/4.7.2/thumb2/libgcc.a(_arm_muldivsf3.o)
                0x0000000000000c6c                __mulsf3
                0x0000000000000c6c                __aeabi_fmul
                0x0000000000000dd4                __divsf3
                0x0000000000000dd4                __aeabi_fdiv
 .text          0x0000000000000f0c       0x4c /usr/local/Cellar/pebble-toolchain/2.0/arm-cs-tools/bin/../lib/gcc/arm-none-eabi/4.7.2/thumb2/libgcc.a(_arm_fixsfsi.o)
                0x0000000000000f0c                __fixsfsi
                0x0000000000000f0c                __aeabi_f2iz
 *(.text.*)
 .text.outbox_sent_callback
                0x0000000000000f58       0x18 src/appMessageManager.c.9.o
 .text.outbox_failed_callback
                0x0000000000000f70       0x18 src/appMessageManager.c.9.o
 .text.inbox_dropped_callback
                0x0000000000000f88       0x18 src/appMessageManager.c.9.o
 .text.inbox_received_callback
                0x0000000000000fa0      0x104 src/appMessageManager.c.9.o
 .text.initAppMessageManager
                0x00000000000010a4       0x48 src/appMessageManager.c.9.o
                0x00000000000010a4                initAppMessageManager
 .text.main_window_unload
                0x00000000000010ec        0x2 src/main.c.9.o
 *fill*         0x00000000000010ee        0x2 
 .text.dateChanged
                0x00000000000010f0       0x4c src/main.c.9.o
 .text.timeChanged
                0x000000000000113c       0x60 src/main.c.9.o
 .text.main_window_load
                0x000000000000119c       0x20 src/main.c.9.o
 .text.tick_handler
                0x00000000000011bc       0x74 src/main.c.9.o
 .text.startup.main
                0x0000000000001230       0x78 src/main.c.9.o
                0x0000000000001230                main
 .text.initWindow
                0x00000000000012a8      0x144 src/windowManager.c.9.o
                0x00000000000012a8                initWindow
 .text.updateDate
                0x00000000000013ec       0x58 src/windowManager.c.9.o
                0x00000000000013ec                updateDate
 .text.drawBars
                0x0000000000001444       0xd4 src/windowManager.c.9.o
                0x0000000000001444                drawBars
 .text.formatBandWidthInBitsForDisplay
                0x0000000000001518      0x100 src/windowManager.c.9.o
                0x0000000000001518                formatBandWidthInBitsForDisplay
 .text.updateBandwidthStream
                0x0000000000001618       0xa8 src/windowManager.c.9.o
                0x0000000000001618                updateBandwidthStream
 .text.deinitWindow
                0x00000000000016c0       0x50 src/windowManager.c.9.o
                0x00000000000016c0                deinitWindow
 .text.app_event_loop
                0x0000000000001710        0xc /usr/local/Cellar/pebble-sdk/3.1/Pebble/aplite/lib/libpebble.a(tmpH7rUz3pebble.o)
                0x0000000000001710                app_event_loop
 .text.app_log  0x000000000000171c        0xc /usr/local/Cellar/pebble-sdk/3.1/Pebble/aplite/lib/libpebble.a(tmpH7rUz3pebble.o)
                0x000000000000171c                app_log
 .text.app_message_open
                0x0000000000001728        0xc /usr/local/Cellar/pebble-sdk/3.1/Pebble/aplite/lib/libpebble.a(tmpH7rUz3pebble.o)
                0x0000000000001728                app_message_open
 .text.clock_is_24h_style
                0x0000000000001734        0xc /usr/local/Cellar/pebble-sdk/3.1/Pebble/aplite/lib/libpebble.a(tmpH7rUz3pebble.o)
                0x0000000000001734                clock_is_24h_style
 .text.dict_read_first
                0x0000000000001740        0xc /usr/local/Cellar/pebble-sdk/3.1/Pebble/aplite/lib/libpebble.a(tmpH7rUz3pebble.o)
                0x0000000000001740                dict_read_first
 .text.dict_read_next
                0x000000000000174c        0xc /usr/local/Cellar/pebble-sdk/3.1/Pebble/aplite/lib/libpebble.a(tmpH7rUz3pebble.o)
                0x000000000000174c                dict_read_next
 .text.fonts_get_system_font
                0x0000000000001758        0xc /usr/local/Cellar/pebble-sdk/3.1/Pebble/aplite/lib/libpebble.a(tmpH7rUz3pebble.o)
                0x0000000000001758                fonts_get_system_font
 .text.inverter_layer_create
                0x0000000000001764        0xc /usr/local/Cellar/pebble-sdk/3.1/Pebble/aplite/lib/libpebble.a(tmpH7rUz3pebble.o)
                0x0000000000001764                inverter_layer_create
 .text.inverter_layer_destroy
                0x0000000000001770        0xc /usr/local/Cellar/pebble-sdk/3.1/Pebble/aplite/lib/libpebble.a(tmpH7rUz3pebble.o)
                0x0000000000001770                inverter_layer_destroy
 .text.inverter_layer_get_layer
                0x000000000000177c        0xc /usr/local/Cellar/pebble-sdk/3.1/Pebble/aplite/lib/libpebble.a(tmpH7rUz3pebble.o)
                0x000000000000177c                inverter_layer_get_layer
 .text.layer_add_child
                0x0000000000001788        0xc /usr/local/Cellar/pebble-sdk/3.1/Pebble/aplite/lib/libpebble.a(tmpH7rUz3pebble.o)
                0x0000000000001788                layer_add_child
 .text.layer_remove_from_parent
                0x0000000000001794        0xc /usr/local/Cellar/pebble-sdk/3.1/Pebble/aplite/lib/libpebble.a(tmpH7rUz3pebble.o)
                0x0000000000001794                layer_remove_from_parent
 .text.localtime
                0x00000000000017a0        0xc /usr/local/Cellar/pebble-sdk/3.1/Pebble/aplite/lib/libpebble.a(tmpH7rUz3pebble.o)
                0x00000000000017a0                localtime
 .text.memset   0x00000000000017ac        0xc /usr/local/Cellar/pebble-sdk/3.1/Pebble/aplite/lib/libpebble.a(tmpH7rUz3pebble.o)
                0x00000000000017ac                memset
 .text.snprintf
                0x00000000000017b8        0xc /usr/local/Cellar/pebble-sdk/3.1/Pebble/aplite/lib/libpebble.a(tmpH7rUz3pebble.o)
                0x00000000000017b8                snprintf
 .text.strftime
                0x00000000000017c4        0xc /usr/local/Cellar/pebble-sdk/3.1/Pebble/aplite/lib/libpebble.a(tmpH7rUz3pebble.o)
                0x00000000000017c4                strftime
 .text.text_layer_create
                0x00000000000017d0        0xc /usr/local/Cellar/pebble-sdk/3.1/Pebble/aplite/lib/libpebble.a(tmpH7rUz3pebble.o)
                0x00000000000017d0                text_layer_create
 .text.text_layer_destroy
                0x00000000000017dc        0xc /usr/local/Cellar/pebble-sdk/3.1/Pebble/aplite/lib/libpebble.a(tmpH7rUz3pebble.o)
                0x00000000000017dc                text_layer_destroy
 .text.text_layer_set_background_color
                0x00000000000017e8        0xc /usr/local/Cellar/pebble-sdk/3.1/Pebble/aplite/lib/libpebble.a(tmpH7rUz3pebble.o)
                0x00000000000017e8                text_layer_set_background_color
 .text.text_layer_set_font
                0x00000000000017f4        0xc /usr/local/Cellar/pebble-sdk/3.1/Pebble/aplite/lib/libpebble.a(tmpH7rUz3pebble.o)
                0x00000000000017f4                text_layer_set_font
 .text.text_layer_set_text
                0x0000000000001800        0xc /usr/local/Cellar/pebble-sdk/3.1/Pebble/aplite/lib/libpebble.a(tmpH7rUz3pebble.o)
                0x0000000000001800                text_layer_set_text
 .text.text_layer_set_text_alignment
                0x000000000000180c        0xc /usr/local/Cellar/pebble-sdk/3.1/Pebble/aplite/lib/libpebble.a(tmpH7rUz3pebble.o)
                0x000000000000180c                text_layer_set_text_alignment
 .text.text_layer_set_text_color
                0x0000000000001818        0xc /usr/local/Cellar/pebble-sdk/3.1/Pebble/aplite/lib/libpebble.a(tmpH7rUz3pebble.o)
                0x0000000000001818                text_layer_set_text_color
 .text.tick_timer_service_subscribe
                0x0000000000001824        0xc /usr/local/Cellar/pebble-sdk/3.1/Pebble/aplite/lib/libpebble.a(tmpH7rUz3pebble.o)
                0x0000000000001824                tick_timer_service_subscribe
 .text.tick_timer_service_unsubscribe
                0x0000000000001830        0xc /usr/local/Cellar/pebble-sdk/3.1/Pebble/aplite/lib/libpebble.a(tmpH7rUz3pebble.o)
                0x0000000000001830                tick_timer_service_unsubscribe
 .text.time     0x000000000000183c        0xc /usr/local/Cellar/pebble-sdk/3.1/Pebble/aplite/lib/libpebble.a(tmpH7rUz3pebble.o)
                0x000000000000183c                time
 .text.window_create
                0x0000000000001848        0xc /usr/local/Cellar/pebble-sdk/3.1/Pebble/aplite/lib/libpebble.a(tmpH7rUz3pebble.o)
                0x0000000000001848                window_create
 .text.window_destroy
                0x0000000000001854        0xc /usr/local/Cellar/pebble-sdk/3.1/Pebble/aplite/lib/libpebble.a(tmpH7rUz3pebble.o)
                0x0000000000001854                window_destroy
 .text.window_get_root_layer
                0x0000000000001860        0xc /usr/local/Cellar/pebble-sdk/3.1/Pebble/aplite/lib/libpebble.a(tmpH7rUz3pebble.o)
                0x0000000000001860                window_get_root_layer
 .text.window_set_background_color
                0x000000000000186c        0xc /usr/local/Cellar/pebble-sdk/3.1/Pebble/aplite/lib/libpebble.a(tmpH7rUz3pebble.o)
                0x000000000000186c                window_set_background_color
 .text.window_set_window_handlers
                0x0000000000001878        0xc /usr/local/Cellar/pebble-sdk/3.1/Pebble/aplite/lib/libpebble.a(tmpH7rUz3pebble.o)
                0x0000000000001878                window_set_window_handlers
 .text.window_stack_push
                0x0000000000001884        0xc /usr/local/Cellar/pebble-sdk/3.1/Pebble/aplite/lib/libpebble.a(tmpH7rUz3pebble.o)
                0x0000000000001884                window_stack_push
 .text.app_message_inbox_size_maximum
                0x0000000000001890        0xc /usr/local/Cellar/pebble-sdk/3.1/Pebble/aplite/lib/libpebble.a(tmpH7rUz3pebble.o)
                0x0000000000001890                app_message_inbox_size_maximum
 .text.app_message_outbox_begin
                0x000000000000189c        0xc /usr/local/Cellar/pebble-sdk/3.1/Pebble/aplite/lib/libpebble.a(tmpH7rUz3pebble.o)
                0x000000000000189c                app_message_outbox_begin
 .text.app_message_outbox_send
                0x00000000000018a8        0xc /usr/local/Cellar/pebble-sdk/3.1/Pebble/aplite/lib/libpebble.a(tmpH7rUz3pebble.o)
                0x00000000000018a8                app_message_outbox_send
 .text.app_message_outbox_size_maximum
                0x00000000000018b4        0xc /usr/local/Cellar/pebble-sdk/3.1/Pebble/aplite/lib/libpebble.a(tmpH7rUz3pebble.o)
                0x00000000000018b4                app_message_outbox_size_maximum
 .text.app_message_register_inbox_dropped
                0x00000000000018c0        0xc /usr/local/Cellar/pebble-sdk/3.1/Pebble/aplite/lib/libpebble.a(tmpH7rUz3pebble.o)
                0x00000000000018c0                app_message_register_inbox_dropped
 .text.app_message_register_inbox_received
                0x00000000000018cc        0xc /usr/local/Cellar/pebble-sdk/3.1/Pebble/aplite/lib/libpebble.a(tmpH7rUz3pebble.o)
                0x00000000000018cc                app_message_register_inbox_received
 .text.app_message_register_outbox_failed
                0x00000000000018d8        0xc /usr/local/Cellar/pebble-sdk/3.1/Pebble/aplite/lib/libpebble.a(tmpH7rUz3pebble.o)
                0x00000000000018d8                app_message_register_outbox_failed
 .text.app_message_register_outbox_sent
                0x00000000000018e4        0xc /usr/local/Cellar/pebble-sdk/3.1/Pebble/aplite/lib/libpebble.a(tmpH7rUz3pebble.o)
                0x00000000000018e4                app_message_register_outbox_sent
 .text.heap_bytes_free
                0x00000000000018f0        0xc /usr/local/Cellar/pebble-sdk/3.1/Pebble/aplite/lib/libpebble.a(tmpH7rUz3pebble.o)
                0x00000000000018f0                heap_bytes_free
 .text.heap_bytes_used
                0x00000000000018fc        0xc /usr/local/Cellar/pebble-sdk/3.1/Pebble/aplite/lib/libpebble.a(tmpH7rUz3pebble.o)
                0x00000000000018fc                heap_bytes_used
 .text.roundf   0x0000000000001908       0x50 /usr/local/Cellar/pebble-toolchain/2.0/arm-cs-tools/bin/../lib/gcc/arm-none-eabi/4.7.2/../../../../arm-none-eabi/lib/thumb2/libm.a(lib_a-sf_round.o)
                0x0000000000001908                roundf
 *(.rodata)
 .rodata        0x0000000000001958       0x10 src/windowManager.c.9.o
 *(.rodata*)
 .rodata.str1.1
                0x0000000000001968       0xd3 src/appMessageManager.c.9.o
 .rodata.str1.1
                0x0000000000001a3b       0x43 src/main.c.9.o
 .rodata.str1.1
                0x0000000000001a7e       0x5b src/windowManager.c.9.o
                                         0x5c (size before relaxing)

.glue_7         0x0000000000001adc        0x0
 .glue_7        0x0000000000000000        0x0 linker stubs

.glue_7t        0x0000000000001adc        0x0
 .glue_7t       0x0000000000000000        0x0 linker stubs

.vfp11_veneer   0x0000000000001adc        0x0
 .vfp11_veneer  0x0000000000000000        0x0 linker stubs

.v4_bx          0x0000000000001adc        0x0
 .v4_bx         0x0000000000000000        0x0 linker stubs

.iplt           0x0000000000001adc        0x0
 .iplt          0x0000000000000000        0x0 /usr/local/Cellar/pebble-toolchain/2.0/arm-cs-tools/bin/../lib/gcc/arm-none-eabi/4.7.2/thumb2/crtbegin.o

.rel.dyn        0x0000000000001adc        0x0
 .rel.iplt      0x0000000000000000        0x0 /usr/local/Cellar/pebble-toolchain/2.0/arm-cs-tools/bin/../lib/gcc/arm-none-eabi/4.7.2/thumb2/crtbegin.o
 .rel.got       0x0000000000000000        0x0 /usr/local/Cellar/pebble-toolchain/2.0/arm-cs-tools/bin/../lib/gcc/arm-none-eabi/4.7.2/thumb2/crtbegin.o

.data           0x0000000000001adc        0x4
 *(.data)
 .data          0x0000000000001adc        0x0 /usr/local/Cellar/pebble-toolchain/2.0/arm-cs-tools/bin/../lib/gcc/arm-none-eabi/4.7.2/thumb2/crti.o
 .data          0x0000000000001adc        0x4 /usr/local/Cellar/pebble-toolchain/2.0/arm-cs-tools/bin/../lib/gcc/arm-none-eabi/4.7.2/thumb2/crtbegin.o
                0x0000000000001adc                __dso_handle
 .data          0x0000000000001ae0        0x0 src/appMessageManager.c.9.o
 .data          0x0000000000001ae0        0x0 src/main.c.9.o
 .data          0x0000000000001ae0        0x0 src/windowManager.c.9.o
 .data          0x0000000000001ae0        0x0 aplite/appinfo.auto.c.9.o
 .data          0x0000000000001ae0        0x0 /usr/local/Cellar/pebble-sdk/3.1/Pebble/aplite/lib/libpebble.a(tmpH7rUz3pebble.o)
 .data          0x0000000000001ae0        0x0 /usr/local/Cellar/pebble-toolchain/2.0/arm-cs-tools/bin/../lib/gcc/arm-none-eabi/4.7.2/thumb2/libgcc.a(_arm_addsubdf3.o)
 .data          0x0000000000001ae0        0x0 /usr/local/Cellar/pebble-toolchain/2.0/arm-cs-tools/bin/../lib/gcc/arm-none-eabi/4.7.2/thumb2/libgcc.a(_arm_muldivdf3.o)
 .data          0x0000000000001ae0        0x0 /usr/local/Cellar/pebble-toolchain/2.0/arm-cs-tools/bin/../lib/gcc/arm-none-eabi/4.7.2/thumb2/libgcc.a(_arm_cmpdf2.o)
 .data          0x0000000000001ae0        0x0 /usr/local/Cellar/pebble-toolchain/2.0/arm-cs-tools/bin/../lib/gcc/arm-none-eabi/4.7.2/thumb2/libgcc.a(_arm_fixdfsi.o)
 .data          0x0000000000001ae0        0x0 /usr/local/Cellar/pebble-toolchain/2.0/arm-cs-tools/bin/../lib/gcc/arm-none-eabi/4.7.2/thumb2/libgcc.a(_arm_truncdfsf2.o)
 .data          0x0000000000001ae0        0x0 /usr/local/Cellar/pebble-toolchain/2.0/arm-cs-tools/bin/../lib/gcc/arm-none-eabi/4.7.2/thumb2/libgcc.a(_arm_addsubsf3.o)
 .data          0x0000000000001ae0        0x0 /usr/local/Cellar/pebble-toolchain/2.0/arm-cs-tools/bin/../lib/gcc/arm-none-eabi/4.7.2/thumb2/libgcc.a(_arm_muldivsf3.o)
 .data          0x0000000000001ae0        0x0 /usr/local/Cellar/pebble-toolchain/2.0/arm-cs-tools/bin/../lib/gcc/arm-none-eabi/4.7.2/thumb2/libgcc.a(_arm_fixsfsi.o)
 .data          0x0000000000001ae0        0x0 /usr/local/Cellar/pebble-toolchain/2.0/arm-cs-tools/bin/../lib/gcc/arm-none-eabi/4.7.2/thumb2/crtend.o
 .data          0x0000000000001ae0        0x0 /usr/local/Cellar/pebble-toolchain/2.0/arm-cs-tools/bin/../lib/gcc/arm-none-eabi/4.7.2/thumb2/crtn.o
 .data          0x0000000000001ae0        0x0 /usr/local/Cellar/pebble-toolchain/2.0/arm-cs-tools/bin/../lib/gcc/arm-none-eabi/4.7.2/../../../../arm-none-eabi/lib/thumb2/libm.a(lib_a-sf_round.o)
 *(.data.*)

.igot.plt       0x0000000000001ae0        0x0
 .igot.plt      0x0000000000000000        0x0 /usr/local/Cellar/pebble-toolchain/2.0/arm-cs-tools/bin/../lib/gcc/arm-none-eabi/4.7.2/thumb2/crtbegin.o

.got            0x0000000000001ae0        0xc
 .got           0x0000000000001ae0        0xc /usr/local/Cellar/pebble-toolchain/2.0/arm-cs-tools/bin/../lib/gcc/arm-none-eabi/4.7.2/thumb2/crtbegin.o

.got.plt        0x0000000000001aec        0xc
 .got.plt       0x0000000000001aec        0xc /usr/local/Cellar/pebble-toolchain/2.0/arm-cs-tools/bin/../lib/gcc/arm-none-eabi/4.7.2/thumb2/crtbegin.o
                0x0000000000001aec                _GLOBAL_OFFSET_TABLE_

.bss            0x0000000000001af8       0xe8
 *(.bss)
 *(.bss.*)
 .bss.timerTicksUpdate
                0x0000000000001af8        0x4 src/main.c.9.o
 .bss.downStreamInverterLayer
                0x0000000000001afc        0x4 src/windowManager.c.9.o
 .bss.upStreamInverterLayer
                0x0000000000001b00        0x4 src/windowManager.c.9.o
 COMMON         0x0000000000001b04        0x4 src/appMessageManager.c.9.o
                0x0000000000001b04                s_main_window
 COMMON         0x0000000000001b08       0xd8 src/windowManager.c.9.o
                0x0000000000001b08                textBuffer
                0x0000000000001b50                textGrid

.ARM.attributes
                0x0000000000000000       0x27
 .ARM.attributes
                0x0000000000000000       0x19 /usr/local/Cellar/pebble-toolchain/2.0/arm-cs-tools/bin/../lib/gcc/arm-none-eabi/4.7.2/thumb2/crti.o
 .ARM.attributes
                0x0000000000000019       0x29 /usr/local/Cellar/pebble-toolchain/2.0/arm-cs-tools/bin/../lib/gcc/arm-none-eabi/4.7.2/thumb2/crtbegin.o
 .ARM.attributes
                0x0000000000000042       0x33 src/appMessageManager.c.9.o
 .ARM.attributes
                0x0000000000000075       0x33 src/main.c.9.o
 .ARM.attributes
                0x00000000000000a8       0x33 src/windowManager.c.9.o
 .ARM.attributes
                0x00000000000000db       0x33 aplite/appinfo.auto.c.9.o
 .ARM.attributes
                0x000000000000010e       0x21 /usr/local/Cellar/pebble-sdk/3.1/Pebble/aplite/lib/libpebble.a(tmpH7rUz3pebble.o)
 .ARM.attributes
                0x000000000000012f       0x19 /usr/local/Cellar/pebble-toolchain/2.0/arm-cs-tools/bin/../lib/gcc/arm-none-eabi/4.7.2/thumb2/libgcc.a(_arm_addsubdf3.o)
 .ARM.attributes
                0x0000000000000148       0x19 /usr/local/Cellar/pebble-toolchain/2.0/arm-cs-tools/bin/../lib/gcc/arm-none-eabi/4.7.2/thumb2/libgcc.a(_arm_muldivdf3.o)
 .ARM.attributes
                0x0000000000000161       0x19 /usr/local/Cellar/pebble-toolchain/2.0/arm-cs-tools/bin/../lib/gcc/arm-none-eabi/4.7.2/thumb2/libgcc.a(_arm_cmpdf2.o)
 .ARM.attributes
                0x000000000000017a       0x19 /usr/local/Cellar/pebble-toolchain/2.0/arm-cs-tools/bin/../lib/gcc/arm-none-eabi/4.7.2/thumb2/libgcc.a(_arm_fixdfsi.o)
 .ARM.attributes
                0x0000000000000193       0x19 /usr/local/Cellar/pebble-toolchain/2.0/arm-cs-tools/bin/../lib/gcc/arm-none-eabi/4.7.2/thumb2/libgcc.a(_arm_truncdfsf2.o)
 .ARM.attributes
                0x00000000000001ac       0x19 /usr/local/Cellar/pebble-toolchain/2.0/arm-cs-tools/bin/../lib/gcc/arm-none-eabi/4.7.2/thumb2/libgcc.a(_arm_addsubsf3.o)
 .ARM.attributes
                0x00000000000001c5       0x19 /usr/local/Cellar/pebble-toolchain/2.0/arm-cs-tools/bin/../lib/gcc/arm-none-eabi/4.7.2/thumb2/libgcc.a(_arm_muldivsf3.o)
 .ARM.attributes
                0x00000000000001de       0x19 /usr/local/Cellar/pebble-toolchain/2.0/arm-cs-tools/bin/../lib/gcc/arm-none-eabi/4.7.2/thumb2/libgcc.a(_arm_fixsfsi.o)
 .ARM.attributes
                0x00000000000001f7       0x29 /usr/local/Cellar/pebble-toolchain/2.0/arm-cs-tools/bin/../lib/gcc/arm-none-eabi/4.7.2/thumb2/crtend.o
 .ARM.attributes
                0x0000000000000220       0x19 /usr/local/Cellar/pebble-toolchain/2.0/arm-cs-tools/bin/../lib/gcc/arm-none-eabi/4.7.2/thumb2/crtn.o

.comment        0x0000000000000000       0x4e
 .comment       0x0000000000000000       0x4e /usr/local/Cellar/pebble-toolchain/2.0/arm-cs-tools/bin/../lib/gcc/arm-none-eabi/4.7.2/thumb2/crtbegin.o
                                         0x4f (size before relaxing)
 .comment       0x0000000000000000       0x4f src/appMessageManager.c.9.o
 .comment       0x0000000000000000       0x4f src/main.c.9.o
 .comment       0x0000000000000000       0x4f src/windowManager.c.9.o
 .comment       0x0000000000000000       0x4f aplite/appinfo.auto.c.9.o
 .comment       0x0000000000000000       0x4f /usr/local/Cellar/pebble-toolchain/2.0/arm-cs-tools/bin/../lib/gcc/arm-none-eabi/4.7.2/thumb2/crtend.o

DISCARD         0x0000000000000000      0x724
 libc.a(*)
 libm.a(*)
 .debug_info    0x0000000000000000      0x156 /usr/local/Cellar/pebble-toolchain/2.0/arm-cs-tools/bin/../lib/gcc/arm-none-eabi/4.7.2/../../../../arm-none-eabi/lib/thumb2/libm.a(lib_a-sf_round.o)
 .debug_abbrev  0x0000000000000156       0xbb /usr/local/Cellar/pebble-toolchain/2.0/arm-cs-tools/bin/../lib/gcc/arm-none-eabi/4.7.2/../../../../arm-none-eabi/lib/thumb2/libm.a(lib_a-sf_round.o)
 .debug_loc     0x0000000000000211      0x182 /usr/local/Cellar/pebble-toolchain/2.0/arm-cs-tools/bin/../lib/gcc/arm-none-eabi/4.7.2/../../../../arm-none-eabi/lib/thumb2/libm.a(lib_a-sf_round.o)
 .debug_aranges
                0x0000000000000393       0x20 /usr/local/Cellar/pebble-toolchain/2.0/arm-cs-tools/bin/../lib/gcc/arm-none-eabi/4.7.2/../../../../arm-none-eabi/lib/thumb2/libm.a(lib_a-sf_round.o)
 .debug_ranges  0x00000000000003b3       0x10 /usr/local/Cellar/pebble-toolchain/2.0/arm-cs-tools/bin/../lib/gcc/arm-none-eabi/4.7.2/../../../../arm-none-eabi/lib/thumb2/libm.a(lib_a-sf_round.o)
 .debug_line    0x00000000000003c3      0x14e /usr/local/Cellar/pebble-toolchain/2.0/arm-cs-tools/bin/../lib/gcc/arm-none-eabi/4.7.2/../../../../arm-none-eabi/lib/thumb2/libm.a(lib_a-sf_round.o)
 .debug_str     0x0000000000000511      0x174 /usr/local/Cellar/pebble-toolchain/2.0/arm-cs-tools/bin/../lib/gcc/arm-none-eabi/4.7.2/../../../../arm-none-eabi/lib/thumb2/libm.a(lib_a-sf_round.o)
                                        0x1b4 (size before relaxing)
 .comment       0x0000000000000685       0x4e /usr/local/Cellar/pebble-toolchain/2.0/arm-cs-tools/bin/../lib/gcc/arm-none-eabi/4.7.2/../../../../arm-none-eabi/lib/thumb2/libm.a(lib_a-sf_round.o)
                                         0x4f (size before relaxing)
 .ARM.attributes
                0x00000000000006d3       0x29 /usr/local/Cellar/pebble-toolchain/2.0/arm-cs-tools/bin/../lib/gcc/arm-none-eabi/4.7.2/../../../../arm-none-eabi/lib/thumb2/libm.a(lib_a-sf_round.o)
 .debug_frame   0x00000000000006fc       0x28 /usr/local/Cellar/pebble-toolchain/2.0/arm-cs-tools/bin/../lib/gcc/arm-none-eabi/4.7.2/../../../../arm-none-eabi/lib/thumb2/libm.a(lib_a-sf_round.o)
 libgcc.a(*)
 *(.eh_frame)
OUTPUT(/Users/kondeichmann/Documents/Projects/Frebble-Pebble/build/aplite/pebble-app.elf elf32-littlearm)

.debug_info     0x0000000000000000     0x254e
 .debug_info    0x0000000000000000      0x7c6 src/appMessageManager.c.9.o
 .debug_info    0x00000000000007c6      0xad3 src/main.c.9.o
 .debug_info    0x0000000000001299      0x9b8 src/windowManager.c.9.o
 .debug_info    0x0000000000001c51      0x335 aplite/appinfo.auto.c.9.o
 .debug_info    0x0000000000001f86       0xb9 /usr/local/Cellar/pebble-toolchain/2.0/arm-cs-tools/bin/../lib/gcc/arm-none-eabi/4.7.2/thumb2/libgcc.a(_arm_addsubdf3.o)
 .debug_info    0x000000000000203f       0xb9 /usr/local/Cellar/pebble-toolchain/2.0/arm-cs-tools/bin/../lib/gcc/arm-none-eabi/4.7.2/thumb2/libgcc.a(_arm_muldivdf3.o)
 .debug_info    0x00000000000020f8       0xb9 /usr/local/Cellar/pebble-toolchain/2.0/arm-cs-tools/bin/../lib/gcc/arm-none-eabi/4.7.2/thumb2/libgcc.a(_arm_cmpdf2.o)
 .debug_info    0x00000000000021b1       0xb9 /usr/local/Cellar/pebble-toolchain/2.0/arm-cs-tools/bin/../lib/gcc/arm-none-eabi/4.7.2/thumb2/libgcc.a(_arm_fixdfsi.o)
 .debug_info    0x000000000000226a       0xb9 /usr/local/Cellar/pebble-toolchain/2.0/arm-cs-tools/bin/../lib/gcc/arm-none-eabi/4.7.2/thumb2/libgcc.a(_arm_truncdfsf2.o)
 .debug_info    0x0000000000002323       0xb9 /usr/local/Cellar/pebble-toolchain/2.0/arm-cs-tools/bin/../lib/gcc/arm-none-eabi/4.7.2/thumb2/libgcc.a(_arm_addsubsf3.o)
 .debug_info    0x00000000000023dc       0xb9 /usr/local/Cellar/pebble-toolchain/2.0/arm-cs-tools/bin/../lib/gcc/arm-none-eabi/4.7.2/thumb2/libgcc.a(_arm_muldivsf3.o)
 .debug_info    0x0000000000002495       0xb9 /usr/local/Cellar/pebble-toolchain/2.0/arm-cs-tools/bin/../lib/gcc/arm-none-eabi/4.7.2/thumb2/libgcc.a(_arm_fixsfsi.o)

.debug_abbrev   0x0000000000000000      0x8fb
 .debug_abbrev  0x0000000000000000      0x217 src/appMessageManager.c.9.o
 .debug_abbrev  0x0000000000000217      0x369 src/main.c.9.o
 .debug_abbrev  0x0000000000000580      0x23d src/windowManager.c.9.o
 .debug_abbrev  0x00000000000007bd       0x9e aplite/appinfo.auto.c.9.o
 .debug_abbrev  0x000000000000085b       0x14 /usr/local/Cellar/pebble-toolchain/2.0/arm-cs-tools/bin/../lib/gcc/arm-none-eabi/4.7.2/thumb2/libgcc.a(_arm_addsubdf3.o)
 .debug_abbrev  0x000000000000086f       0x14 /usr/local/Cellar/pebble-toolchain/2.0/arm-cs-tools/bin/../lib/gcc/arm-none-eabi/4.7.2/thumb2/libgcc.a(_arm_muldivdf3.o)
 .debug_abbrev  0x0000000000000883       0x14 /usr/local/Cellar/pebble-toolchain/2.0/arm-cs-tools/bin/../lib/gcc/arm-none-eabi/4.7.2/thumb2/libgcc.a(_arm_cmpdf2.o)
 .debug_abbrev  0x0000000000000897       0x14 /usr/local/Cellar/pebble-toolchain/2.0/arm-cs-tools/bin/../lib/gcc/arm-none-eabi/4.7.2/thumb2/libgcc.a(_arm_fixdfsi.o)
 .debug_abbrev  0x00000000000008ab       0x14 /usr/local/Cellar/pebble-toolchain/2.0/arm-cs-tools/bin/../lib/gcc/arm-none-eabi/4.7.2/thumb2/libgcc.a(_arm_truncdfsf2.o)
 .debug_abbrev  0x00000000000008bf       0x14 /usr/local/Cellar/pebble-toolchain/2.0/arm-cs-tools/bin/../lib/gcc/arm-none-eabi/4.7.2/thumb2/libgcc.a(_arm_addsubsf3.o)
 .debug_abbrev  0x00000000000008d3       0x14 /usr/local/Cellar/pebble-toolchain/2.0/arm-cs-tools/bin/../lib/gcc/arm-none-eabi/4.7.2/thumb2/libgcc.a(_arm_muldivsf3.o)
 .debug_abbrev  0x00000000000008e7       0x14 /usr/local/Cellar/pebble-toolchain/2.0/arm-cs-tools/bin/../lib/gcc/arm-none-eabi/4.7.2/thumb2/libgcc.a(_arm_fixsfsi.o)

.debug_loc      0x0000000000000000      0x765
 .debug_loc     0x0000000000000000      0x1fc src/appMessageManager.c.9.o
 .debug_loc     0x00000000000001fc      0x154 src/main.c.9.o
 .debug_loc     0x0000000000000350      0x415 src/windowManager.c.9.o

.debug_aranges  0x0000000000000000      0x1f0
 .debug_aranges
                0x0000000000000000       0x40 src/appMessageManager.c.9.o
 .debug_aranges
                0x0000000000000040       0x48 src/main.c.9.o
 .debug_aranges
                0x0000000000000088       0x50 src/windowManager.c.9.o
 .debug_aranges
                0x00000000000000d8       0x18 aplite/appinfo.auto.c.9.o
 .debug_aranges
                0x00000000000000f0       0x20 /usr/local/Cellar/pebble-toolchain/2.0/arm-cs-tools/bin/../lib/gcc/arm-none-eabi/4.7.2/thumb2/libgcc.a(_arm_addsubdf3.o)
 .debug_aranges
                0x0000000000000110       0x20 /usr/local/Cellar/pebble-toolchain/2.0/arm-cs-tools/bin/../lib/gcc/arm-none-eabi/4.7.2/thumb2/libgcc.a(_arm_muldivdf3.o)
 .debug_aranges
                0x0000000000000130       0x20 /usr/local/Cellar/pebble-toolchain/2.0/arm-cs-tools/bin/../lib/gcc/arm-none-eabi/4.7.2/thumb2/libgcc.a(_arm_cmpdf2.o)
 .debug_aranges
                0x0000000000000150       0x20 /usr/local/Cellar/pebble-toolchain/2.0/arm-cs-tools/bin/../lib/gcc/arm-none-eabi/4.7.2/thumb2/libgcc.a(_arm_fixdfsi.o)
 .debug_aranges
                0x0000000000000170       0x20 /usr/local/Cellar/pebble-toolchain/2.0/arm-cs-tools/bin/../lib/gcc/arm-none-eabi/4.7.2/thumb2/libgcc.a(_arm_truncdfsf2.o)
 .debug_aranges
                0x0000000000000190       0x20 /usr/local/Cellar/pebble-toolchain/2.0/arm-cs-tools/bin/../lib/gcc/arm-none-eabi/4.7.2/thumb2/libgcc.a(_arm_addsubsf3.o)
 .debug_aranges
                0x00000000000001b0       0x20 /usr/local/Cellar/pebble-toolchain/2.0/arm-cs-tools/bin/../lib/gcc/arm-none-eabi/4.7.2/thumb2/libgcc.a(_arm_muldivsf3.o)
 .debug_aranges
                0x00000000000001d0       0x20 /usr/local/Cellar/pebble-toolchain/2.0/arm-cs-tools/bin/../lib/gcc/arm-none-eabi/4.7.2/thumb2/libgcc.a(_arm_fixsfsi.o)

.debug_ranges   0x0000000000000000      0x1b8
 .debug_ranges  0x0000000000000000       0x30 src/appMessageManager.c.9.o
 .debug_ranges  0x0000000000000030       0x58 src/main.c.9.o
 .debug_ranges  0x0000000000000088      0x130 src/windowManager.c.9.o

.debug_line     0x0000000000000000     0x1227
 .debug_line    0x0000000000000000      0x1b9 src/appMessageManager.c.9.o
 .debug_line    0x00000000000001b9      0x2bf src/main.c.9.o
 .debug_line    0x0000000000000478      0x32f src/windowManager.c.9.o
 .debug_line    0x00000000000007a7      0x12d aplite/appinfo.auto.c.9.o
 .debug_line    0x00000000000008d4      0x20a /usr/local/Cellar/pebble-toolchain/2.0/arm-cs-tools/bin/../lib/gcc/arm-none-eabi/4.7.2/thumb2/libgcc.a(_arm_addsubdf3.o)
 .debug_line    0x0000000000000ade      0x226 /usr/local/Cellar/pebble-toolchain/2.0/arm-cs-tools/bin/../lib/gcc/arm-none-eabi/4.7.2/thumb2/libgcc.a(_arm_muldivdf3.o)
 .debug_line    0x0000000000000d04      0x10c /usr/local/Cellar/pebble-toolchain/2.0/arm-cs-tools/bin/../lib/gcc/arm-none-eabi/4.7.2/thumb2/libgcc.a(_arm_cmpdf2.o)
 .debug_line    0x0000000000000e10       0x86 /usr/local/Cellar/pebble-toolchain/2.0/arm-cs-tools/bin/../lib/gcc/arm-none-eabi/4.7.2/thumb2/libgcc.a(_arm_fixdfsi.o)
 .debug_line    0x0000000000000e96       0x9a /usr/local/Cellar/pebble-toolchain/2.0/arm-cs-tools/bin/../lib/gcc/arm-none-eabi/4.7.2/thumb2/libgcc.a(_arm_truncdfsf2.o)
 .debug_line    0x0000000000000f30      0x128 /usr/local/Cellar/pebble-toolchain/2.0/arm-cs-tools/bin/../lib/gcc/arm-none-eabi/4.7.2/thumb2/libgcc.a(_arm_addsubsf3.o)
 .debug_line    0x0000000000001058      0x149 /usr/local/Cellar/pebble-toolchain/2.0/arm-cs-tools/bin/../lib/gcc/arm-none-eabi/4.7.2/thumb2/libgcc.a(_arm_muldivsf3.o)
 .debug_line    0x00000000000011a1       0x86 /usr/local/Cellar/pebble-toolchain/2.0/arm-cs-tools/bin/../lib/gcc/arm-none-eabi/4.7.2/thumb2/libgcc.a(_arm_fixsfsi.o)

.debug_str      0x0000000000000000      0xe17
 .debug_str     0x0000000000000000      0x5ff src/appMessageManager.c.9.o
                                        0x66c (size before relaxing)
 .debug_str     0x00000000000005ff      0x2fe src/main.c.9.o
                                        0x715 (size before relaxing)
 .debug_str     0x00000000000008fd      0x2ca src/windowManager.c.9.o
                                        0x50d (size before relaxing)
 .debug_str     0x0000000000000bc7      0x250 aplite/appinfo.auto.c.9.o
                                        0x34a (size before relaxing)

.debug_frame    0x0000000000000000      0x22c
 .debug_frame   0x0000000000000000       0x80 src/appMessageManager.c.9.o
 .debug_frame   0x0000000000000080       0xb4 src/main.c.9.o
 .debug_frame   0x0000000000000134       0xf8 src/windowManager.c.9.o
